[WebServer] (node:79968) Warning: The 'NO_COLOR' env is ignored due to the 'FORCE_COLOR' env being set.
[WebServer] (Use `node --trace-warnings ...` to show where the warning was created)

Running 160 tests using 1 worker

(node:79969) Warning: The 'NO_COLOR' env is ignored due to the 'FORCE_COLOR' env being set.
(Use `node --trace-warnings ...` to show where the warning was created)
  ✓    1 [desktop] › tests/e2e/accessibility-secondary.spec.ts:5:40 › search secondary UI audit (1.1s)
  ✓    2 [desktop] › tests/e2e/accessibility-secondary.spec.ts:5:40 › search-empty secondary UI audit (596ms)
  ✓    3 [desktop] › tests/e2e/accessibility-secondary.spec.ts:5:40 › search-error secondary UI audit (596ms)
  ✓    4 [desktop] › tests/e2e/accessibility-secondary.spec.ts:5:40 › pdf secondary UI audit (601ms)
  ✓    5 [desktop] › tests/e2e/accessibility-secondary.spec.ts:5:40 › rich-blocks secondary UI audit (665ms)
  ✓    6 [desktop] › tests/e2e/accessibility-secondary.spec.ts:5:40 › fields secondary UI audit (596ms)
  ✓    7 [desktop] › tests/e2e/accessibility-secondary.spec.ts:5:40 › fields-empty secondary UI audit (410ms)
  ✓    8 [desktop] › tests/e2e/accessibility-secondary.spec.ts:5:40 › fields-error secondary UI audit (413ms)
  ✓    9 [desktop] › tests/e2e/accessibility-secondary.spec.ts:5:40 › categories secondary UI audit (585ms)
  ✓   10 [desktop] › tests/e2e/accessibility-secondary.spec.ts:5:40 › categories-error secondary UI audit (394ms)
  ✓   11 [desktop] › tests/e2e/accessibility-secondary.spec.ts:5:40 › form-settings secondary UI audit (634ms)
  ✓   12 [desktop] › tests/e2e/accessibility-secondary.spec.ts:5:40 › form-settings-error secondary UI audit (409ms)
  ✓   13 [desktop] › tests/e2e/accessibility-secondary.spec.ts:5:40 › form-fill secondary UI audit (480ms)
  ✓   14 [desktop] › tests/e2e/accessibility-secondary.spec.ts:5:40 › form-record secondary UI audit (430ms)
  ✓   15 [desktop] › tests/e2e/accessibility-secondary.spec.ts:5:40 › forms-empty secondary UI audit (395ms)
  ✓   16 [desktop] › tests/e2e/accessibility-secondary.spec.ts:5:40 › forms-error secondary UI audit (414ms)
  ✓   17 [desktop] › tests/e2e/accessibility-secondary.spec.ts:5:40 › navigation-settings secondary UI audit (553ms)
  ✓   18 [desktop] › tests/e2e/accessibility-secondary.spec.ts:5:40 › setting-history secondary UI audit (716ms)
  ✓   19 [desktop] › tests/e2e/accessibility-secondary.spec.ts:5:40 › setting-history-error secondary UI audit (425ms)
  ✓   20 [desktop] › tests/e2e/accessibility-secondary.spec.ts:5:40 › members secondary UI audit (448ms)
  ✓   21 [desktop] › tests/e2e/accessibility-secondary.spec.ts:5:40 › history secondary UI audit (682ms)
  ✓   22 [desktop] › tests/e2e/accessibility-secondary.spec.ts:5:40 › history-version secondary UI audit (564ms)
  ✓   23 [desktop] › tests/e2e/accessibility-secondary.spec.ts:5:40 › publication secondary UI audit (664ms)
  ✓   24 [desktop] › tests/e2e/accessibility-secondary.spec.ts:5:40 › availability secondary UI audit (464ms)
  ✓   25 [desktop] › tests/e2e/accessibility-secondary.spec.ts:5:40 › trash secondary UI audit (478ms)
  ✓   26 [desktop] › tests/e2e/accessibility-secondary.spec.ts:5:40 › reference secondary UI audit (550ms)
  ✓   27 [desktop] › tests/e2e/accessibility-secondary.spec.ts:5:40 › qa secondary UI audit (478ms)
  ✓   28 [desktop] › tests/e2e/accessibility-secondary.spec.ts:5:40 › favorites secondary UI audit (446ms)
  ✓   29 [desktop] › tests/e2e/accessibility-secondary.spec.ts:5:40 › recent secondary UI audit (465ms)
  ✓   30 [desktop] › tests/e2e/accessibility-secondary.spec.ts:5:40 › announcements secondary UI audit (582ms)
  ✓   31 [desktop] › tests/e2e/accessibility-secondary.spec.ts:5:40 › analytics secondary UI audit (583ms)
  ✓   32 [desktop] › tests/e2e/accessibility-secondary.spec.ts:5:40 › analytics-error secondary UI audit (409ms)
  ✓   33 [desktop] › tests/e2e/accessibility-secondary.spec.ts:5:40 › feedback-overview secondary UI audit (531ms)
  ✓   34 [desktop] › tests/e2e/accessibility-secondary.spec.ts:5:40 › feedback-details secondary UI audit (580ms)
  ✓   35 [desktop] › tests/e2e/accessibility-secondary.spec.ts:5:40 › form-records secondary UI audit (394ms)
  ✓   36 [desktop] › tests/e2e/accessibility-secondary.spec.ts:5:40 › review-control secondary UI audit (486ms)
  ✓   37 [desktop] › tests/e2e/accessibility-secondary.spec.ts:5:40 › archives secondary UI audit (392ms)
  ✓   38 [desktop] › tests/e2e/accessibility-secondary.spec.ts:5:40 › deleted-history secondary UI audit (464ms)
  ✓   39 [desktop] › tests/e2e/accessibility-secondary.spec.ts:5:40 › category-landing secondary UI audit (532ms)
  ✓   40 [desktop] › tests/e2e/accessibility-secondary.spec.ts:5:40 › media secondary UI audit (751ms)
  ✓   41 [desktop] › tests/e2e/accessibility-secondary.spec.ts:5:40 › science secondary UI audit (681ms)
  ✓   42 [desktop] › tests/e2e/accessibility-secondary.spec.ts:24:1 › secondary keyboard flows remain usable at 320 pixels (800ms)
  ✓   43 [desktop] › tests/e2e/accessibility-secondary.spec.ts:35:1 › history loading announces progress and failed refresh preserves displayed records (401ms)
  ✓   44 [desktop] › tests/e2e/accessibility.spec.ts:27:155 › login has no automated accessibility violations in both themes (307ms)
  ✓   45 [desktop] › tests/e2e/accessibility.spec.ts:27:155 › reader has no automated accessibility violations in both themes (617ms)
  ✓   46 [desktop] › tests/e2e/accessibility.spec.ts:27:155 › workspace has no automated accessibility violations in both themes (986ms)
  ✓   47 [desktop] › tests/e2e/accessibility.spec.ts:27:155 › workspace-tools has no automated accessibility violations in both themes (947ms)
  ✓   48 [desktop] › tests/e2e/accessibility.spec.ts:27:155 › workspace-empty has no automated accessibility violations in both themes (343ms)
  ✓   49 [desktop] › tests/e2e/accessibility.spec.ts:27:155 › workspace-error has no automated accessibility violations in both themes (259ms)
  ✓   50 [desktop] › tests/e2e/accessibility.spec.ts:27:155 › features has no automated accessibility violations in both themes (402ms)
  ✓   51 [desktop] › tests/e2e/accessibility.spec.ts:27:155 › features-error has no automated accessibility violations in both themes (374ms)
  ✓   52 [desktop] › tests/e2e/accessibility.spec.ts:27:155 › editor has no automated accessibility violations in both themes (735ms)
  ✓   53 [desktop] › tests/e2e/accessibility.spec.ts:27:155 › decision has no automated accessibility violations in both themes (479ms)
  ✓   54 [desktop] › tests/e2e/accessibility.spec.ts:44:1 › workspace keeps frequent actions visible and tools keyboard operable at 320 pixels (271ms)
  ✓   55 [desktop] › tests/e2e/accessibility.spec.ts:57:1 › actual login skip link and named editor can be reached with the keyboard (498ms)
  ✓   56 [desktop] › tests/e2e/analytics-dashboard.spec.ts:12:1 › dashboard presents distinct-click rate, formal metadata and fingerprint limits (290ms)
  ✓   57 [desktop] › tests/e2e/analytics-dashboard.spec.ts:20:1 › dashboard range form navigates with only the selected supported period (334ms)
  ✓   58 [desktop] › tests/e2e/analytics-dashboard.spec.ts:25:1 › dashboard zero data has no fabricated rates and failures suppress supplied stale data (528ms)
  ✓   59 [desktop] › tests/e2e/analytics-dashboard.spec.ts:30:1 › actual dashboard requires configured identity and rejects forged admin headers (113ms)
  ✓   60 [desktop] › tests/e2e/pdf.spec.ts:12:1 › PDF reading keeps Chinese tables, attachment controls and print layout on desktop and mobile (615ms)
  ✓   61 [desktop] › tests/e2e/pdf.spec.ts:20:1 › PDF download waits for success, keeps errors honest, and can retry (445ms)
  ✓   62 [desktop] › tests/e2e/pdf.spec.ts:26:1 › print action rechecks current permission and revision before opening browser print (437ms)
  ✓   63 [desktop] › tests/e2e/qa.spec.ts:7:1 › Q&A list preserves formal question links literal text category navigation and page filters (330ms)
  ✓   64 [desktop] › tests/e2e/qa.spec.ts:14:1 › Q&A admin entry uses the shared reviewed editor while denied states suppress supplied private data (409ms)
  ✓   65 [desktop] › tests/e2e/qa.spec.ts:18:1 › Q&A empty collection and empty exact classification explain the actual scope (275ms)
  ✓   66 [desktop] › tests/e2e/qa.spec.ts:21:1 › actual Q&A routes reject unconfigured forged identities before any private content (130ms)
  ✓   67 [desktop] › tests/e2e/rich-blocks.spec.ts:16:1 › hint code and tabs survive save reload ordering and tab removal (904ms)
  ✓   68 [desktop] › tests/e2e/rich-blocks.spec.ts:23:1 › tabs support arrows home end click and independent sets with no overflow (324ms)
  ✓   69 [desktop] › tests/e2e/rich-blocks.spec.ts:28:1 › copy preserves actual clipboard bytes and literal code never runs in either theme (686ms)
  ✓   70 [desktop] › tests/e2e/rich-blocks.spec.ts:32:1 › clipboard rejection never reports success and retry succeeds (333ms)
  ✓   71 [desktop] › tests/e2e/rich-blocks.spec.ts:35:1 › invalid language retains draft text and copy waits for confirmation (693ms)
  ✓   72 [desktop] › tests/e2e/science.spec.ts:11:1 › formula and diagram save reload and preview actual rendered SVG (1.6s)
  ✓   73 [desktop] › tests/e2e/science.spec.ts:14:1 › invalid formula and diagram retain editable input and diagram retry recovers (2.1s)
  ✓   74 [desktop] › tests/e2e/science.spec.ts:17:1 › published reader displays Chinese emphasis formula and diagram without page overflow (351ms)
  ✓   75 [desktop] › tests/e2e/science.spec.ts:20:1 › diagram endpoints refuse unconfigured and forged identities (120ms)
  ✓   76 [desktop] › tests/e2e/science.spec.ts:23:1 › PDF web page preserves list markers and two diagram images (879ms)
  ✓   77 [desktop] › tests/e2e/workspace.spec.ts:7:1 › workspace renders real-count contract and responsive list with safe titles (584ms)
  ✓   78 [desktop] › tests/e2e/workspace.spec.ts:30:1 › workspace filters by personal scope, kind and status and resets page via keyboard (851ms)
  ✓   79 [desktop] › tests/e2e/workspace.spec.ts:40:1 › workspace service failure is distinct from empty and retry recovers (152ms)
  ✓   80 [desktop] › tests/e2e/workspace.spec.ts:45:1 › real workspace endpoint and admin page reject missing or forged identities (111ms)
(node:80143) Warning: The 'NO_COLOR' env is ignored due to the 'FORCE_COLOR' env being set.
(Use `node --trace-warnings ...` to show where the warning was created)
  ✓   81 [mobile] › tests/e2e/accessibility-secondary.spec.ts:5:40 › search secondary UI audit (1.0s)
  ✓   82 [mobile] › tests/e2e/accessibility-secondary.spec.ts:5:40 › search-empty secondary UI audit (630ms)
  ✓   83 [mobile] › tests/e2e/accessibility-secondary.spec.ts:5:40 › search-error secondary UI audit (564ms)
  ✓   84 [mobile] › tests/e2e/accessibility-secondary.spec.ts:5:40 › pdf secondary UI audit (611ms)
  ✓   85 [mobile] › tests/e2e/accessibility-secondary.spec.ts:5:40 › rich-blocks secondary UI audit (685ms)
  ✓   86 [mobile] › tests/e2e/accessibility-secondary.spec.ts:5:40 › fields secondary UI audit (576ms)
  ✓   87 [mobile] › tests/e2e/accessibility-secondary.spec.ts:5:40 › fields-empty secondary UI audit (414ms)
  ✓   88 [mobile] › tests/e2e/accessibility-secondary.spec.ts:5:40 › fields-error secondary UI audit (380ms)
  ✓   89 [mobile] › tests/e2e/accessibility-secondary.spec.ts:5:40 › categories secondary UI audit (583ms)
  ✓   90 [mobile] › tests/e2e/accessibility-secondary.spec.ts:5:40 › categories-error secondary UI audit (414ms)
  ✓   91 [mobile] › tests/e2e/accessibility-secondary.spec.ts:5:40 › form-settings secondary UI audit (631ms)
  ✓   92 [mobile] › tests/e2e/accessibility-secondary.spec.ts:5:40 › form-settings-error secondary UI audit (361ms)
  ✓   93 [mobile] › tests/e2e/accessibility-secondary.spec.ts:5:40 › form-fill secondary UI audit (481ms)
  ✓   94 [mobile] › tests/e2e/accessibility-secondary.spec.ts:5:40 › form-record secondary UI audit (464ms)
  ✓   95 [mobile] › tests/e2e/accessibility-secondary.spec.ts:5:40 › forms-empty secondary UI audit (378ms)
  ✓   96 [mobile] › tests/e2e/accessibility-secondary.spec.ts:5:40 › forms-error secondary UI audit (347ms)
  ✓   97 [mobile] › tests/e2e/accessibility-secondary.spec.ts:5:40 › navigation-settings secondary UI audit (551ms)
  ✓   98 [mobile] › tests/e2e/accessibility-secondary.spec.ts:5:40 › setting-history secondary UI audit (681ms)
  ✓   99 [mobile] › tests/e2e/accessibility-secondary.spec.ts:5:40 › setting-history-error secondary UI audit (413ms)
  ✓  100 [mobile] › tests/e2e/accessibility-secondary.spec.ts:5:40 › members secondary UI audit (531ms)
  ✓  101 [mobile] › tests/e2e/accessibility-secondary.spec.ts:5:40 › history secondary UI audit (664ms)
  ✓  102 [mobile] › tests/e2e/accessibility-secondary.spec.ts:5:40 › history-version secondary UI audit (530ms)
  ✓  103 [mobile] › tests/e2e/accessibility-secondary.spec.ts:5:40 › publication secondary UI audit (647ms)
  ✓  104 [mobile] › tests/e2e/accessibility-secondary.spec.ts:5:40 › availability secondary UI audit (464ms)
  ✓  105 [mobile] › tests/e2e/accessibility-secondary.spec.ts:5:40 › trash secondary UI audit (481ms)
  ✓  106 [mobile] › tests/e2e/accessibility-secondary.spec.ts:5:40 › reference secondary UI audit (564ms)
  ✓  107 [mobile] › tests/e2e/accessibility-secondary.spec.ts:5:40 › qa secondary UI audit (463ms)
  ✓  108 [mobile] › tests/e2e/accessibility-secondary.spec.ts:5:40 › favorites secondary UI audit (446ms)
  ✓  109 [mobile] › tests/e2e/accessibility-secondary.spec.ts:5:40 › recent secondary UI audit (464ms)
  ✓  110 [mobile] › tests/e2e/accessibility-secondary.spec.ts:5:40 › announcements secondary UI audit (566ms)
  ✓  111 [mobile] › tests/e2e/accessibility-secondary.spec.ts:5:40 › analytics secondary UI audit (564ms)
  ✓  112 [mobile] › tests/e2e/accessibility-secondary.spec.ts:5:40 › analytics-error secondary UI audit (344ms)
  ✓  113 [mobile] › tests/e2e/accessibility-secondary.spec.ts:5:40 › feedback-overview secondary UI audit (515ms)
  ✓  114 [mobile] › tests/e2e/accessibility-secondary.spec.ts:5:40 › feedback-details secondary UI audit (531ms)
  ✓  115 [mobile] › tests/e2e/accessibility-secondary.spec.ts:5:40 › form-records secondary UI audit (345ms)
  ✓  116 [mobile] › tests/e2e/accessibility-secondary.spec.ts:5:40 › review-control secondary UI audit (535ms)
  ✓  117 [mobile] › tests/e2e/accessibility-secondary.spec.ts:5:40 › archives secondary UI audit (344ms)
  ✓  118 [mobile] › tests/e2e/accessibility-secondary.spec.ts:5:40 › deleted-history secondary UI audit (431ms)
  ✓  119 [mobile] › tests/e2e/accessibility-secondary.spec.ts:5:40 › category-landing secondary UI audit (547ms)
  ✓  120 [mobile] › tests/e2e/accessibility-secondary.spec.ts:5:40 › media secondary UI audit (686ms)
  ✓  121 [mobile] › tests/e2e/accessibility-secondary.spec.ts:5:40 › science secondary UI audit (644ms)
  ✓  122 [mobile] › tests/e2e/accessibility-secondary.spec.ts:24:1 › secondary keyboard flows remain usable at 320 pixels (787ms)
  ✓  123 [mobile] › tests/e2e/accessibility-secondary.spec.ts:35:1 › history loading announces progress and failed refresh preserves displayed records (377ms)
  ✓  124 [mobile] › tests/e2e/accessibility.spec.ts:27:155 › login has no automated accessibility violations in both themes (256ms)
  ✓  125 [mobile] › tests/e2e/accessibility.spec.ts:27:155 › reader has no automated accessibility violations in both themes (581ms)
  ✓  126 [mobile] › tests/e2e/accessibility.spec.ts:27:155 › workspace has no automated accessibility violations in both themes (999ms)
  ✓  127 [mobile] › tests/e2e/accessibility.spec.ts:27:155 › workspace-tools has no automated accessibility violations in both themes (1.0s)
  ✓  128 [mobile] › tests/e2e/accessibility.spec.ts:27:155 › workspace-empty has no automated accessibility violations in both themes (361ms)
  ✓  129 [mobile] › tests/e2e/accessibility.spec.ts:27:155 › workspace-error has no automated accessibility violations in both themes (262ms)
  ✓  130 [mobile] › tests/e2e/accessibility.spec.ts:27:155 › features has no automated accessibility violations in both themes (416ms)
  ✓  131 [mobile] › tests/e2e/accessibility.spec.ts:27:155 › features-error has no automated accessibility violations in both themes (344ms)
  ✓  132 [mobile] › tests/e2e/accessibility.spec.ts:27:155 › editor has no automated accessibility violations in both themes (731ms)
  ✓  133 [mobile] › tests/e2e/accessibility.spec.ts:27:155 › decision has no automated accessibility violations in both themes (466ms)
  ✓  134 [mobile] › tests/e2e/accessibility.spec.ts:44:1 › workspace keeps frequent actions visible and tools keyboard operable at 320 pixels (277ms)
  ✓  135 [mobile] › tests/e2e/accessibility.spec.ts:57:1 › actual login skip link and named editor can be reached with the keyboard (489ms)
  ✓  136 [mobile] › tests/e2e/analytics-dashboard.spec.ts:12:1 › dashboard presents distinct-click rate, formal metadata and fingerprint limits (311ms)
  ✓  137 [mobile] › tests/e2e/analytics-dashboard.spec.ts:20:1 › dashboard range form navigates with only the selected supported period (323ms)
  ✓  138 [mobile] › tests/e2e/analytics-dashboard.spec.ts:25:1 › dashboard zero data has no fabricated rates and failures suppress supplied stale data (538ms)
  ✓  139 [mobile] › tests/e2e/analytics-dashboard.spec.ts:30:1 › actual dashboard requires configured identity and rejects forged admin headers (104ms)
  ✓  140 [mobile] › tests/e2e/pdf.spec.ts:12:1 › PDF reading keeps Chinese tables, attachment controls and print layout on desktop and mobile (642ms)
  ✓  141 [mobile] › tests/e2e/pdf.spec.ts:20:1 › PDF download waits for success, keeps errors honest, and can retry (430ms)
  ✓  142 [mobile] › tests/e2e/pdf.spec.ts:26:1 › print action rechecks current permission and revision before opening browser print (454ms)
  ✓  143 [mobile] › tests/e2e/qa.spec.ts:7:1 › Q&A list preserves formal question links literal text category navigation and page filters (358ms)
  ✓  144 [mobile] › tests/e2e/qa.spec.ts:14:1 › Q&A admin entry uses the shared reviewed editor while denied states suppress supplied private data (414ms)
  ✓  145 [mobile] › tests/e2e/qa.spec.ts:18:1 › Q&A empty collection and empty exact classification explain the actual scope (276ms)
  ✓  146 [mobile] › tests/e2e/qa.spec.ts:21:1 › actual Q&A routes reject unconfigured forged identities before any private content (123ms)
  ✓  147 [mobile] › tests/e2e/rich-blocks.spec.ts:16:1 › hint code and tabs survive save reload ordering and tab removal (907ms)
  ✓  148 [mobile] › tests/e2e/rich-blocks.spec.ts:23:1 › tabs support arrows home end click and independent sets with no overflow (337ms)
  ✓  149 [mobile] › tests/e2e/rich-blocks.spec.ts:28:1 › copy preserves actual clipboard bytes and literal code never runs in either theme (670ms)
  ✓  150 [mobile] › tests/e2e/rich-blocks.spec.ts:32:1 › clipboard rejection never reports success and retry succeeds (366ms)
  ✓  151 [mobile] › tests/e2e/rich-blocks.spec.ts:35:1 › invalid language retains draft text and copy waits for confirmation (690ms)
  ✓  152 [mobile] › tests/e2e/science.spec.ts:11:1 › formula and diagram save reload and preview actual rendered SVG (1.6s)
  ✓  153 [mobile] › tests/e2e/science.spec.ts:14:1 › invalid formula and diagram retain editable input and diagram retry recovers (2.1s)
  ✓  154 [mobile] › tests/e2e/science.spec.ts:17:1 › published reader displays Chinese emphasis formula and diagram without page overflow (387ms)
  ✓  155 [mobile] › tests/e2e/science.spec.ts:20:1 › diagram endpoints refuse unconfigured and forged identities (7ms)
  ✓  156 [mobile] › tests/e2e/science.spec.ts:23:1 › PDF web page preserves list markers and two diagram images (880ms)
  ✓  157 [mobile] › tests/e2e/workspace.spec.ts:7:1 › workspace renders real-count contract and responsive list with safe titles (323ms)
  ✓  158 [mobile] › tests/e2e/workspace.spec.ts:30:1 › workspace filters by personal scope, kind and status and resets page via keyboard (805ms)
  ✓  159 [mobile] › tests/e2e/workspace.spec.ts:40:1 › workspace service failure is distinct from empty and retry recovers (148ms)
  ✓  160 [mobile] › tests/e2e/workspace.spec.ts:45:1 › real workspace endpoint and admin page reject missing or forged identities (100ms)

  160 passed (1.5m)
