
> juyu-help-centre-v2@0.1.0 test
> node --experimental-strip-types --test tests/*.test.ts

✔ Clerk role metadata only recognizes the three configured roles (0.973125ms)
✔ support reading staff published content: true (0.253208ms)
✔ support reading ops published content: false (0.097959ms)
✔ support reading admin published content: false (0.072166ms)
✔ ops reading staff published content: true (0.086958ms)
✔ ops reading ops published content: true (0.063375ms)
✔ ops reading admin published content: false (0.070333ms)
✔ admin reading staff published content: true (3.786458ms)
✔ admin reading ops published content: true (0.082125ms)
✔ admin reading admin published content: true (0.075583ms)
✔ missing identity, empty id, unverified company and unknown roles are denied (0.095542ms)
✔ archived, trashed and unpublished documents disappear even for an Admin reader (0.057166ms)
✔ a confidential new draft does not replace the readable published version (0.354833ms)
✔ a staff draft cannot open access to a published OPS document (0.039291ms)
✔ OPS content is denied to Support even if its audience is accidentally marked staff (0.029708ms)
✔ asset access requires the same document, current published version and viewer permission (0.039834ms)
✔ search excludes unauthorized, trashed and unpublished documents without title leakage (0.034375ms)
✔ reader output cannot mutate the stored revision (0.045209ms)
✔ admin requires company verification before any role lookup (1.313292ms)
✔ only the current exact publicMetadata admin role is permitted (0.3115ms)
✔ unsafe metadata and browser role claims cannot grant admin (0.125458ms)
✔ disabled, mismatched or changed company accounts cannot retain admin entry (0.19275ms)
✔ role changes are re-read on the next check and failures stay generic (0.241916ms)
✔ all admin page decisions use fixed destinations without accepting return URLs (0.141958ms)
✔ admin API denies every unqualified state before the protected operation executes (50.80675ms)
✔ qualified admin operation has protected responses and preserves closed database integration (2.81225ms)
✔ login sanitization defeats actual Clerk query precedence and preserves OAuth callback state (1.841125ms)
✔ analytics sends only a bounded event with keepalive and validates matching acknowledgements (25.618917ms)
✔ analytics transient failure retries the identical event once and final failure is contained (2.177709ms)
✔ analytics cancellation stops scheduled retries and definite rejections do not loop (42.72275ms)
✔ analytics distinguishes absent denominator from confirmed zero clicks (15.88675ms)
✔ dashboard accepts only a single supported time range and never actor overrides (1.005542ms)
✔ dashboard failures never return zero totals or backend details and use private caching (25.361708ms)
✔ dashboard range defaults only when omitted and accepts exactly the supported numeric or string values (0.3ms)
✔ dashboard rejects ambiguous, coerced and unsupported ranges (0.208042ms)
✔ analytics body parsing rejects query params malformed JSON and oversized streams (26.988166ms)
✔ analytics failures return only private sanitized errors (1.844208ms)
✔ analytics accepts only the three event contracts and normalizes search whitespace (1.195334ms)
✔ analytics rejects arbitrary actor time content nested fields and malformed bounded values (0.311792ms)
✔ search snapshot strips titles snippets and URLs while preserving authorized order (1.14025ms)
✔ search clicks map only to actual result links with global result positions (0.178791ms)
✔ announcement configuration accepts fixed existing targets and bounded plain text only (1.054583ms)
✔ versioned receipt and publication envelopes reject forged links and mismatched types (0.990583ms)
✔ client acknowledgements bind the exact announcement and revision without accepting forged content (59.625959ms)
✔ announcement HTTP refuses unsafe bodies and exposes no private service error details (3.928667ms)
✔ cover and normalized tags are immutable revision snapshots and omitted edits preserve them (60.012416ms)
✔ malformed tags and external or invalid covers cannot enter a draft (4.459708ms)
✔ protected success response prevents shared caching and error leakage (18.447209ms)
✔ protected missing response prevents shared caching and error leakage (0.398833ms)
✔ protected forbidden response prevents shared caching and error leakage (0.143084ms)
✔ protected unconfigured response prevents shared caching and error leakage (0.115416ms)
✔ protected internal response prevents shared caching and error leakage (0.126959ms)
✔ real route entry points ignore forged role headers and remain closed before identity integration (9.547542ms)
✔ availability ack validates action version lifecycle and removal of the formal pointer (23.416625ms)
✔ availability snapshots reject stale versions malformed history and impossible actions (9.217333ms)
✔ availability busy rejection tells the user the operation did not execute and can refresh (1.2855ms)
✔ availability responses distinguish the known pre-write member lock rejection from unknown results (47.555ms)
✔ category editor inherits every ancestor restriction and preserves literal labels (1.658917ms)
✔ category editor selection rejects unknown or newly disabled IDs and retains old disabled memberships (1.332417ms)
✔ category API separates conflict, input and unavailable failures with private responses (41.713667ms)
✔ category request JSON has a small streaming limit and rejects broken bodies (3.895542ms)
✔ category settings reject malformed keys IDs ranges and blank or controlled names (1.507416ms)
✔ article category IDs are strict unique bounded and canonical (0.151542ms)
✔ editor request preserves omitted category membership and accepts explicit clearing (0.497292ms)
✔ recovery carries category membership and validates all referenced options (2.513792ms)
✔ category settings reads uncached definitions and sends a stable caller id with optimistic version (48.434875ms)
✔ category acknowledgement must match every submitted value and the exact next version (0.711542ms)
✔ unknown category write can retry the identical id, version and payload (0.889416ms)
✔ explicit category rejection stays distinct from server failure and malformed success (4.246417ms)
✔ category reads reject malformed, duplicate and over-capacity definitions (1.241875ms)
✔ invalid category writes are rejected before a request is sent (0.122833ms)
✔ child acknowledgement validates independently of its parent and normalizes the submitted name (0.139708ms)
✔ category read errors never become successful empty lists (0.153375ms)
✔ company configuration allows only exact domains and an explicit workspace ID (1.635875ms)
✔ missing configuration or signed-out sessions do not contact any identity supplier (0.180833ms)
✔ matching verified Clerk and Slack identity produces company proof without role or tokens (0.164625ms)
✔ primary email must be verified and exactly within an allowed company domain (0.152666ms)
✔ banned, locked and mismatched Clerk users are rejected before token retrieval (0.213875ms)
✔ hand-written metadata and unsigned ID token contents cannot replace Slack verification (0.268709ms)
✔ Slack token must belong to the verified linked account; ambiguous or foreign tokens fail closed (0.863083ms)
✔ Slack must confirm workspace, subject and the same verified company email (0.380417ms)
✔ fresh verification observes workspace and token revocation; supplier failures do not leak secrets (0.279833ms)
✔ Slack transport uses fixed HTTPS, private headers, no cache and no redirects (4.795167ms)
✔ Slack HTTP failures, malformed or oversized bodies and invalid tokens fail safely (1.676209ms)
✔ company status responses do not leak identities or imply content authorization (2.309458ms)
✔ real local HTTP confirms Slack transport refuses redirects without forwarding credentials (22.497416ms)
✔ Slack application-level outages are unavailable, while rejected credentials remain denied (0.788292ms)
✔ autosave serializes requests and keeps typing during save dirty (0.74725ms)
✔ failed or conflicting save retains input and revision until an explicit retry succeeds (0.155459ms)
✔ ambiguous or invalid acknowledgements never mark new drafts saved (0.115375ms)
✔ explicit retry replays the unconfirmed request before saving newer queued input (0.152417ms)
✔ invalid create acknowledgement keeps the original create snapshot for retry (0.232125ms)
✔ reverting local input cannot discard an unconfirmed write (0.159792ms)
✔ confirmed server rejection discards the rejected payload so corrected input can be retried (0.158166ms)
✔ structured documents roundtrip marks, hierarchy and ordered media projection (1.816542ms)
✔ invalid reserved documents, executable URLs, unknown styles and duplicate nested IDs fail closed (0.267041ms)
✔ document boundaries cap nested blocks, custom media, text and total body (2.362375ms)
✔ legacy conversion preserves supported text marks, literal fences, tables and trailing media (0.633875ms)
✔ null and sparse schema values reject instead of silently converting data (0.086375ms)
✔ numbered lists retain start, nested children and numbering after interruptions (0.121ms)
✔ oversized legacy tables preserve all literal cell text without applying inline markdown (0.234167ms)
✔ legacy conversion keeps tables readable when all forty custom slots already contain media (0.319167ms)
✔ null property defaults are rejected and legacy zero-based numbering is preserved literally (0.118917ms)
✔ legacy heading anchors survive conversion and later structured saves (0.230333ms)
✔ legacy anchor collisions retain media identity and every heading with unique stable IDs (0.18675ms)
✔ new article opens with one valid empty paragraph and can be saved and reopened (0.072375ms)
✔ whitespace-only legacy article opens with one valid empty paragraph and can be saved and reopened (0.045167ms)
✔ saved empty structured article opens with one valid empty paragraph and can be saved and reopened (0.037875ms)
✔ empty structured content ignores the legacy media projection and uses the same new-document paragraph (0.051333ms)
✔ recovery accepts a validated same-document snapshot including frozen review status (3.454459ms)
✔ recovery rejects wrong article stale sequence malformed metadata and malformed body (0.347458ms)
✔ recovery text preserves raw invalid draft fields and whitespace without executing markup (1.387208ms)
✔ readable comparison includes private media descriptions without generating asset URLs (0.692ms)
✔ Q&A recovery preserves version classification and rejects malformed metadata (0.251125ms)
✔ only company verified current accounts with missing or valid roles qualify for enrollment (0.589291ms)
✔ real enrollment route stays closed without services and ignores forged roles (31.465708ms)
✔ both admin landing and login can send unenrolled accounts to the fixed employee setup flow (0.861833ms)
✔ favorite client reads current private state and sends an explicit desired value without identity claims (15.8865ms)
✔ favorite client rejects wrong document revision or desired-state acknowledgements (0.607042ms)
✔ favorite client distinguishes definite rejection from an unknown write result (0.319958ms)
✔ favorites request parsing rejects duplicate or forged identity parameters (0.58925ms)
✔ favorites responses never cache or disclose backend errors (19.473292ms)
✔ favorite input accepts only explicit desired state and a valid formal revision (4.085708ms)
✔ fixed feature contract keeps all seven boolean flags and zero default version (1.407791ms)
✔ missing unknown nonboolean and forged config metadata fail closed (0.445083ms)
✔ feature write acknowledgements require exact next version and every saved flag (22.52775ms)
✔ feature responses classify disabled conflict and unavailable errors without reflecting internals (3.606ms)
✔ feedback input rejects forged identity, invalid versions and oversized comments (1.551208ms)
✔ feedback writes require same origin JSON and a bounded body (20.700292ms)
✔ feedback errors have explicit status and no private diagnostic leakage or caching (1.281625ms)
✔ field settings reads uncached definitions and sends a stable caller id with optimistic version (30.19025ms)
✔ field acknowledgement must match every submitted value and the exact next version (1.737708ms)
✔ field acknowledgement normalizes submitted names and options before comparison (0.360584ms)
✔ unknown field write can retry the identical id, version and payload (1.030667ms)
✔ explicit field rejection stays distinct from server failure and malformed success (0.772709ms)
✔ field reads reject malformed, duplicate and over-capacity definitions (0.45ms)
✔ invalid field writes are rejected before a request is sent (0.083709ms)
✔ field inputs distinguish missing, zero and false without coercing invalid numbers (1.106292ms)
✔ snapshot display preserves literal text and uses Chinese boolean/empty labels (0.116334ms)
✔ field API separates conflict, input and unavailable failures with private responses (17.566458ms)
✔ field request JSON has a small streaming limit and rejects broken bodies (18.745916ms)
✔ field definition input is exact and validates bounds and types (1.159916ms)
✔ snapshots retain historic labels and null while active validation enforces real dates required and exact definitions (1.717125ms)
✔ typed values preserve false and zero and prevent invalid select numeric and oversized text values (0.182416ms)
✔ prepare reconciles enabled definitions but preserves disabled snapshots exactly (0.207458ms)
✔ stale enabled definition versions report a recoverable configuration conflict (0.061166ms)
✔ form settings reads both uncached resources and returns only the complete pair (25.396916ms)
✔ form acknowledgement verifies config, ordered bindings and full chosen field snapshots (4.244083ms)
✔ unknown form save retries identical stable identifier and original binding versions (0.390583ms)
✔ definite form and field conflicts differ from unknown result and malformed acknowledgements (0.915708ms)
✔ invalid request or untrusted chosen snapshots are rejected before fetch (0.294042ms)
✔ one unavailable or malformed resource rejects the entire settings reload (1.793167ms)
✔ old retained snapshots acknowledge unchanged even if the global field has since changed (0.327333ms)
✔ acknowledgement cannot silently reverse the configured field order (0.313333ms)
✔ submission acknowledgment belongs to the exact form and operation (28.370958ms)
✔ form transport uncertainty differs from definite rejection (0.318667ms)
✔ processing checks exact sequence status note and person metadata (7.122625ms)
✔ reader rejects wrong or disabled form responses (0.440208ms)
✔ forms responses are private and redact internal errors (31.7745ms)
✔ form request JSON is bounded, UTF8 strict, and paging rejects ambiguous values (3.506166ms)
✔ forms preserve zero false literal text and leap days with local required overrides (8.521542ms)
✔ forms reject invalid values dates duplicates and stale versions (1.655292ms)
✔ forms reject arbitrary code keys invalid layout and invalid limits (0.397167ms)
✔ form processing and pagination reject malformed states and fabricated totals (0.259833ms)
✔ restore acknowledges only the exact source new draft version sequence and unchanged formal pointer (57.625208ms)
✔ known rejection is refreshable while malformed responses server failures and timeout remain unknown (5.058125ms)
✔ selected history refresh validates freshness source identity all metadata and actual restore eligibility (1.783083ms)
✔ history pagination rejects unknown duplicated or malformed parameters (6.385166ms)
✔ history failures distinguish known rejection from unknown and keep private responses (84.774334ms)
✔ historical media URLs stay scoped to their document and version without changing employee URLs (3.998292ms)
✔ lifecycle endpoints never cache private results or expose underlying failures (32.314083ms)
✔ media blocks keep order, text, cells and asset IDs while rejecting remote or malformed data (0.845208ms)
✔ ordinary edits preserve content blocks and explicit changes produce a separate draft (0.359792ms)
✔ upload extension, actual signature and size must agree (0.179833ms)
✔ upload readback confirms bytes before ready; failed or forbidden uploads never look successful (61.50075ms)
✔ member identity accepts only current verified provider role and matching primary email (0.738042ms)
✔ member commands reject arbitrary metadata, unknown fields and unsafe values (0.707583ms)
✔ database URLs require two restricted identities and verified TLS outside loopback (1.113334ms)
✔ member API protects writes with exact origin and maps failures without details (53.829417ms)
✔ category destination uses only current authorized tree, preserves hierarchy and paginates current published items (1.384583ms)
✔ absent private categories reveal no label; direct available category remains readable independently of shortcuts (0.179125ms)
✔ invalid category/page inputs fail closed rather than broadening into a root collection (0.332583ms)
✔ category collections retain every valid membership while normal article tree still shows each article once (0.9705ms)
✔ navigation settings reads complete uncached config and current categories together (22.126333ms)
✔ navigation save requires strict wrapper, exact next version and every entry property (2.835958ms)
✔ unknown navigation writes retry the identical complete config and version (0.409042ms)
✔ navigation acknowledgement cannot change entry order or return noncanonical roles (0.401875ms)
✔ explicit conflicts and rejections differ from server errors and malformed success (0.682542ms)
✔ invalid targets and zero-role entries are rejected before any write (0.150709ms)
✔ unavailable or malformed category data cannot yield a partially refreshed config (0.492ms)
✔ empty persisted settings acknowledge as empty without restoring default entries (0.143917ms)
✔ navigation settings parse exact bounded entries and canonical roles (0.996333ms)
✔ configuration and menu acknowledgements reject noncanonical or external destinations (0.303ms)
✔ navigation HTTP errors never disclose internals and every response is private no-store (128.686625ms)
✔ OPS request pages are exact and private failures do not leak service details (87.4005ms)
✔ OPS collection distinguishes authorized content empty denied and unavailable without leaked metadata (160.719167ms)
✔ PDF markup escapes content, preserves tables and rejects external image sources (1.131291ms)
✔ PDF export rechecks access and current version after rendering before releasing bytes (9.680042ms)
✔ PDF export never starts rendering inaccessible content and returns safe downloadable bytes (1.351833ms)
✔ print checks authorize the current revision without invoking storage or rendering (11.293875ms)
✔ PDF cover reads are bounded and revoked cover permission discards completed bytes (8.619ms)
✔ PDF feature disabled during generation refuses release and keeps disabled response private (0.223875ms)
✔ T055 support cannot invoke any of 55 administrative operations (6.202375ms)
✔ T055 ops cannot invoke any of 55 administrative operations (1.067125ms)
✔ T055 anonymous, unverified and invalid-role identities cannot read even previously known object IDs (1.568042ms)
✔ publication acknowledgement must match the action, approved version, reviewer and published pointer (31.795ms)
✔ publication reads reject stale content, malformed approval/history and impossible actionable states (1.746875ms)
✔ Q&A query distinguishes all and unclassified and rejects ambiguous inputs (0.916083ms)
✔ Q&A errors never expose backend detail and responses cannot be shared (9.4985ms)
✔ QA metadata is normalized, retained in immutable revisions and omitted input preserves it (2.077083ms)
✔ QA metadata rejects invalid fields and non-QA metadata while old input remains accepted (0.833458ms)
✔ body headings and outline share unique stable IDs even for repeated Chinese titles (1.02825ms)
✔ plain paragraphs and top-level lists retain text and ordered starting number (0.118625ms)
✔ HTML, media syntax and fenced heading text are preserved as text without generating outline entries (0.157083ms)
✔ simple pipe tables preserve all rows and keep literal HTML as text (0.095833ms)
✔ tree follows saved group order and nesting and prunes empty categories (1.445375ms)
✔ multiple memberships appear once deterministically and stable IDs survive renaming (0.297625ms)
✔ missing or cyclic ancestors cannot promote categorized documents to the root (0.269917ms)
✔ category and document identifiers may overlap without losing either node (0.091959ms)
✔ navigation URLs keep opaque identifiers inside a local query parameter (0.573542ms)
✔ selection uses exact authorized IDs and never defaults an unavailable request to another page (0.07075ms)
✔ unconfigured navigation endpoint ignores forged claims and prevents shared caching (65.397ms)
✔ breadcrumbs and neighbours follow authorized depth-first directory order across groups (1.309334ms)
✔ endpoints, singleton and invalid selections have no fabricated or wraparound links (0.153291ms)
✔ duplicate memberships produce one logical step and never turn a page into its own neighbour (0.099083ms)
✔ search input rejects ambiguous and long values, preserving a usable empty state (0.600334ms)
✔ title matching is literal, Chinese capable and deduplicated with only permitted breadcrumb data (0.199208ms)
✔ bounded pages preserve total and make invalid/out of range pages recoverable (0.702958ms)
✔ missing configuration is reported without throwing (0.634958ms)
✔ configuration presence does not claim successful service connections (0.36975ms)
✔ wildcard, URL and email values cannot be used as allowed company domains (0.096667ms)
✔ Supabase must be a secure origin or an explicit local development origin (0.090125ms)
✔ Clerk prefixes and test/live modes must agree (0.062084ms)
✔ Slack workspace identifiers cannot be arbitrary names or URLs (0.051458ms)
✔ reports never include configuration values or arbitrary environment values (0.065209ms)
✔ preview and mock-role environment values cannot enable authentication (0.04675ms)
✔ readiness includes the canonical application origin required by Clerk (0.068625ms)
✔ recent client records only the publication revision without client identity or timestamp (15.779416ms)
✔ recent client never accepts mismatched or malformed recording acknowledgements (0.55025ms)
✔ recent client surfaces unavailable recording and never treats rejection as success (0.273ms)
✔ recent collection pagination rejects duplicate values forged actors and invalid pages (1.129ms)
✔ recent responses are private and never disclose backend failures (14.589792ms)
✔ recent input accepts only a positive integer formal revision and rejects client actor or clock overrides (4.837542ms)
✔ reference row filtering is literal Chinese ASCII AND and can be limited to a selected column (1.607208ms)
✔ reference rows retain source order and numbers, bound pages, and reject invalid filters without mutating the table (0.463ms)
✔ Reference query rejects ambiguous page or article and responses never share private errors (20.090709ms)
✔ control sends exact payload and validates each acknowledgement field (27.917375ms)
✔ control read rejects stale or inconsistent snapshots and malformed candidate/history fields (1.5145ms)
✔ definite rejected inputs require rereading while unknown results require exact retry (0.131666ms)
✔ review responses are private and distinguish rejected submission from service uncertainty (38.31525ms)
✔ T028 rich blocks preserve literal text, order and independent tab identity (1.895375ms)
✔ T028 invalid styles, oversized content, nested payloads and duplicate tab IDs fail closed (0.626875ms)
✔ T028 PDF includes every tab and literal escaped code, without interactive-only content (0.897958ms)
✔ T029 renders bounded formula MathML and rejects trusted commands and invalid formulas (3.189833ms)
✔ T029 diagram source cannot configure renderer, load links or add HTML (0.348ms)
✔ T029 Chinese inline emphasis is rendered and raw markup remains escaped (0.719708ms)
✔ T029 rendered diagram checks published access before and after rendering (209.593875ms)
✔ T055 diagram preview errors distinguish access from input and never reveal backend diagnostics (0.913875ms)
✔ search snippet finds late Chinese or ASCII matches and stays within the result budget (0.95625ms)
✔ search snippet uses literal text preserves Unicode and does not fabricate absent text (0.34075ms)
✔ unified results expose only server-provided escaped snippets and document metadata (58.137666ms)
✔ Clerk configuration requires a matched key pair with a valid encoded hostname (0.74025ms)
✔ missing or invalid configuration does not call the identity provider (0.319833ms)
✔ anonymous and incomplete identities never become signed-in sessions (0.071416ms)
✔ an active server session returns identity only, without trusting role or company claims (0.059291ms)
✔ revoked, expired, pending and mismatched sessions are rejected (0.126042ms)
✔ each new page check re-reads server session state and observes revocation (0.060125ms)
✔ provider failures become a recoverable generic error without leaking secrets (0.729167ms)
✔ entry destinations are fixed internal routes for all session states (0.123708ms)
✔ logout targets only the current session with a fixed destination, and failures remain failures (0.504458ms)
✔ admin logout uses the same current-session operation and returns to the admin login (0.249459ms)
✔ history targets and restoration accept only bounded fixed identifiers without client configuration (0.808042ms)
✔ history envelopes reject missing before evidence, inconsistent pagination and mismatched recovery receipts (1.603541ms)
✔ client rejects mismatched detail and write acknowledgements, keeping exact retry inputs (14.044791ms)
✔ history HTTP keeps unavailable distinct and rejects unsafe or overlong restore payloads (2.4295ms)
✔ private removal verifies actual absence and succeeds again for an already absent object (74.593041ms)
✔ failed delete and ambiguous absence never count as a completed removal (44.122375ms)
✔ removal rejects paths, public buckets and cancelled operations before changing bytes (13.742292ms)
✔ cleanup leaves partial failure pending and retries after deletion or persistence failure (33.753208ms)
✔ cleanup bounds work and leaves unavailable providers, invalid buckets and aborted work pending (191.551583ms)
✔ cleanup returns pending if a provider or persistence callback ignores cancellation (67.078167ms)
✔ Supabase documented NoSuchKey HTTP 400 confirms absence without treating arbitrary 400 as missing (22.935625ms)
✔ malformed, contradictory and non-object-missing HTTP 400 errors retain pending cleanup (58.922084ms)
✔ cleanup starts only visited jobs so an unstarted third job leads the next retry after budget exhaustion (24.797166ms)
✔ failed or stalled attempt persistence cannot begin private-object deletion (34.734375ms)
✔ actual private bytes and ranges use safe headers, never an upstream public cache policy (57.221333ms)
✔ revoked permission, guessed IDs and malformed ranges cannot cause an object read (5.460125ms)
✔ a public bucket and active HTML/SVG cannot bypass private delivery rules (12.340459ms)
✔ storage adapter rejects arbitrary paths, insecure remote origins and overwrites (10.078667ms)
✔ file backup restores actual bytes and rejects corruption before any upload (42.535417ms)
✔ healthy response streams can continue after the response-header timeout (258.822875ms)
✔ caller cancellation still aborts a streaming file response (10.3745ms)
✔ a streaming upload may outlast the response-header timeout (253.53075ms)
✔ explicit provisioning creates only a private bucket and never silently fixes a public bucket (8.060875ms)
✔ takedown or identity change while storage responds prevents releasing full or ranged private bytes (21.681125ms)
✔ new documents are private drafts and record the creator (0.608792ms)
✔ creation denies support with verified=true (0.151375ms)
✔ creation denies ops with verified=true (0.109583ms)
✔ creation denies admin with verified=false (0.135ms)
✔ creation denies unknown with verified=true (0.091208ms)
✔ creation denies unknown with verified=false (0.063958ms)
✔ empty content identifiers and invalid visibility are rejected (0.3925ms)
✔ submitting binds a concrete revision and another verified Admin (0.4155ms)
✔ submission cannot choose self, an employee, an unverified account or no reviewer (0.477541ms)
✔ submitting on behalf of an author cannot select that author as reviewer (0.314375ms)
✔ only the assigned current Admin can approve or reject (0.810375ms)
✔ rejection requires a reason and resubmission requires a fresh approval (0.383416ms)
✔ reviewed content is frozen until withdrawn (0.774791ms)
✔ reassigning removes the old reviewer authority and records both reviewers (0.195625ms)
✔ the last editor cannot be chosen for secondary review (0.131375ms)
✔ reassignment rejects distinct authors, editors, submitters and ineligible accounts (0.362334ms)
✔ publishing requires approval then explicit publication queue (0.605083ms)
✔ new drafts leave the current formal version readable until replacement publishes (0.415958ms)
✔ editing an approved or queued version invalidates approval and preserves that snapshot (0.217083ms)
✔ a visibility change only affects readers when its reviewed revision is published (0.133667ms)
✔ stale or repeated commands cannot change the document or add history (0.106375ms)
✔ employees cannot bypass the workflow through any command (0.196458ms)
✔ archived or deleted content cannot be edited or republished through regular commands (0.389917ms)
✔ every successful transition keeps an immutable audit trail bound to its version (0.402083ms)
✔ unknown commands and inconsistent approval records fail closed (0.118791ms)
✔ workspace query rejects ambiguous filters and treats title as literal text (0.643417ms)
✔ workspace publication text distinguishes current workflow from published reader copy (0.064917ms)
✔ workspace responses hide service errors and never share private results (13.609792ms)
ℹ tests 323
ℹ suites 0
ℹ pass 323
ℹ fail 0
ℹ cancelled 0
ℹ skipped 0
ℹ todo 0
ℹ duration_ms 1925.119583
