
> juyu-help-centre-v2@0.1.0 test
> node --experimental-strip-types --test tests/*.test.ts

✔ Clerk role metadata only recognizes the three configured roles (0.445958ms)
✔ support reading staff published content: true (0.237125ms)
✔ support reading ops published content: false (0.070083ms)
✔ support reading admin published content: false (0.066333ms)
✔ ops reading staff published content: true (0.078042ms)
✔ ops reading ops published content: true (0.060084ms)
✔ ops reading admin published content: false (0.0685ms)
✔ admin reading staff published content: true (0.132875ms)
✔ admin reading ops published content: true (0.062542ms)
✔ admin reading admin published content: true (0.068917ms)
✔ missing identity, empty id, unverified company and unknown roles are denied (0.073167ms)
✔ archived, trashed and unpublished documents disappear even for an Admin reader (0.050166ms)
✔ a confidential new draft does not replace the readable published version (0.808458ms)
✔ a staff draft cannot open access to a published OPS document (0.05675ms)
✔ OPS content is denied to Support even if its audience is accidentally marked staff (0.038125ms)
✔ asset access requires the same document, current published version and viewer permission (0.039708ms)
✔ search excludes unauthorized, trashed and unpublished documents without title leakage (0.03275ms)
✔ reader output cannot mutate the stored revision (0.049375ms)
✔ admin requires company verification before any role lookup (1.153041ms)
✔ only the current exact publicMetadata admin role is permitted (0.290083ms)
✔ unsafe metadata and browser role claims cannot grant admin (0.10525ms)
✔ disabled, mismatched or changed company accounts cannot retain admin entry (0.15575ms)
✔ role changes are re-read on the next check and failures stay generic (0.167542ms)
✔ all admin page decisions use fixed destinations without accepting return URLs (0.115708ms)
✔ admin API denies every unqualified state before the protected operation executes (14.574125ms)
✔ qualified admin operation has protected responses and preserves closed database integration (2.071ms)
✔ login sanitization defeats actual Clerk query precedence and preserves OAuth callback state (5.266292ms)
✔ analytics sends only a bounded event with keepalive and validates matching acknowledgements (67.897375ms)
✔ analytics transient failure retries the identical event once and final failure is contained (6.655917ms)
✔ analytics cancellation stops scheduled retries and definite rejections do not loop (44.735ms)
✔ analytics distinguishes absent denominator from confirmed zero clicks (29.325334ms)
✔ dashboard accepts only a single supported time range and never actor overrides (0.525792ms)
✔ dashboard failures never return zero totals or backend details and use private caching (13.701875ms)
✔ dashboard range defaults only when omitted and accepts exactly the supported numeric or string values (0.61275ms)
✔ dashboard rejects ambiguous, coerced and unsupported ranges (0.394958ms)
✔ analytics body parsing rejects query params malformed JSON and oversized streams (24.098542ms)
✔ analytics failures return only private sanitized errors (0.756667ms)
✔ analytics accepts only the three event contracts and normalizes search whitespace (0.811958ms)
✔ analytics rejects arbitrary actor time content nested fields and malformed bounded values (0.293125ms)
✔ search snapshot strips titles snippets and URLs while preserving authorized order (0.541416ms)
✔ search clicks map only to actual result links with global result positions (0.095959ms)
✔ announcement configuration accepts fixed existing targets and bounded plain text only (0.899709ms)
✔ versioned receipt and publication envelopes reject forged links and mismatched types (0.814875ms)
✔ client acknowledgements bind the exact announcement and revision without accepting forged content (14.821834ms)
✔ announcement HTTP refuses unsafe bodies and exposes no private service error details (2.971458ms)
✔ cover and normalized tags are immutable revision snapshots and omitted edits preserve them (1.798125ms)
✔ malformed tags and external or invalid covers cannot enter a draft (9.186417ms)
✔ protected success response prevents shared caching and error leakage (17.209667ms)
✔ protected missing response prevents shared caching and error leakage (0.340459ms)
✔ protected forbidden response prevents shared caching and error leakage (0.314667ms)
✔ protected unconfigured response prevents shared caching and error leakage (0.248875ms)
✔ protected internal response prevents shared caching and error leakage (0.256625ms)
✔ real route entry points ignore forged role headers and remain closed before identity integration (10.152292ms)
✔ availability ack validates action version lifecycle and removal of the formal pointer (34.188458ms)
✔ availability snapshots reject stale versions malformed history and impossible actions (4.352542ms)
✔ availability busy rejection tells the user the operation did not execute and can refresh (0.572875ms)
✔ availability responses distinguish the known pre-write member lock rejection from unknown results (35.419875ms)
✔ category editor inherits every ancestor restriction and preserves literal labels (1.174375ms)
✔ category editor selection rejects unknown or newly disabled IDs and retains old disabled memberships (0.527875ms)
✔ category API separates conflict, input and unavailable failures with private responses (18.147916ms)
✔ category request JSON has a small streaming limit and rejects broken bodies (3.311834ms)
✔ category settings reject malformed keys IDs ranges and blank or controlled names (1.583208ms)
✔ article category IDs are strict unique bounded and canonical (0.110542ms)
✔ editor request preserves omitted category membership and accepts explicit clearing (0.453584ms)
✔ recovery carries category membership and validates all referenced options (0.884ms)
✔ category settings reads uncached definitions and sends a stable caller id with optimistic version (23.529666ms)
✔ category acknowledgement must match every submitted value and the exact next version (0.804292ms)
✔ unknown category write can retry the identical id, version and payload (0.226458ms)
✔ explicit category rejection stays distinct from server failure and malformed success (0.945708ms)
✔ category reads reject malformed, duplicate and over-capacity definitions (0.488333ms)
✔ invalid category writes are rejected before a request is sent (0.077625ms)
✔ child acknowledgement validates independently of its parent and normalizes the submitted name (0.104583ms)
✔ category read errors never become successful empty lists (0.119791ms)
✔ company configuration allows only exact domains and an explicit workspace ID (1.866584ms)
✔ missing configuration or signed-out sessions do not contact any identity supplier (0.503333ms)
✔ matching verified Clerk and Slack identity produces company proof without role or tokens (1.942166ms)
✔ primary email must be verified and exactly within an allowed company domain (2.323416ms)
✔ banned, locked and mismatched Clerk users are rejected before token retrieval (0.955708ms)
✔ hand-written metadata and unsigned ID token contents cannot replace Slack verification (0.241167ms)
✔ Slack token must belong to the verified linked account; ambiguous or foreign tokens fail closed (9.39775ms)
✔ Slack must confirm workspace, subject and the same verified company email (0.339959ms)
✔ fresh verification observes workspace and token revocation; supplier failures do not leak secrets (0.284583ms)
✔ Slack transport uses fixed HTTPS, private headers, no cache and no redirects (7.057833ms)
✔ Slack HTTP failures, malformed or oversized bodies and invalid tokens fail safely (0.751333ms)
✔ company status responses do not leak identities or imply content authorization (1.435708ms)
✔ real local HTTP confirms Slack transport refuses redirects without forwarding credentials (28.748167ms)
✔ Slack application-level outages are unavailable, while rejected credentials remain denied (0.775167ms)
✔ autosave serializes requests and keeps typing during save dirty (0.738709ms)
✔ failed or conflicting save retains input and revision until an explicit retry succeeds (1.207708ms)
✔ ambiguous or invalid acknowledgements never mark new drafts saved (0.165916ms)
✔ explicit retry replays the unconfirmed request before saving newer queued input (0.239541ms)
✔ invalid create acknowledgement keeps the original create snapshot for retry (0.234834ms)
✔ reverting local input cannot discard an unconfirmed write (0.18675ms)
✔ confirmed server rejection discards the rejected payload so corrected input can be retried (0.266084ms)
✔ structured documents roundtrip marks, hierarchy and ordered media projection (2.886958ms)
✔ invalid reserved documents, executable URLs, unknown styles and duplicate nested IDs fail closed (0.513958ms)
✔ document boundaries cap nested blocks, custom media, text and total body (3.723042ms)
✔ legacy conversion preserves supported text marks, literal fences, tables and trailing media (1.430459ms)
✔ null and sparse schema values reject instead of silently converting data (0.183667ms)
✔ numbered lists retain start, nested children and numbering after interruptions (0.240625ms)
✔ oversized legacy tables preserve all literal cell text without applying inline markdown (0.920208ms)
✔ legacy conversion keeps tables readable when all forty custom slots already contain media (1.417916ms)
✔ null property defaults are rejected and legacy zero-based numbering is preserved literally (13.52075ms)
✔ legacy heading anchors survive conversion and later structured saves (1.428708ms)
✔ legacy anchor collisions retain media identity and every heading with unique stable IDs (0.460875ms)
✔ new article opens with one valid empty paragraph and can be saved and reopened (0.153667ms)
✔ whitespace-only legacy article opens with one valid empty paragraph and can be saved and reopened (0.098833ms)
✔ saved empty structured article opens with one valid empty paragraph and can be saved and reopened (0.181708ms)
✔ empty structured content ignores the legacy media projection and uses the same new-document paragraph (0.139292ms)
✔ recovery accepts a validated same-document snapshot including frozen review status (2.549708ms)
✔ recovery rejects wrong article stale sequence malformed metadata and malformed body (0.349958ms)
✔ recovery text preserves raw invalid draft fields and whitespace without executing markup (0.167541ms)
✔ readable comparison includes private media descriptions without generating asset URLs (0.794417ms)
✔ Q&A recovery preserves version classification and rejects malformed metadata (0.334625ms)
✔ only company verified current accounts with missing or valid roles qualify for enrollment (1.134042ms)
✔ real enrollment route stays closed without services and ignores forged roles (49.882375ms)
✔ both admin landing and login can send unenrolled accounts to the fixed employee setup flow (0.949ms)
✔ favorite client reads current private state and sends an explicit desired value without identity claims (24.002167ms)
✔ favorite client rejects wrong document revision or desired-state acknowledgements (0.956208ms)
✔ favorite client distinguishes definite rejection from an unknown write result (0.734792ms)
✔ favorites request parsing rejects duplicate or forged identity parameters (1.2695ms)
✔ favorites responses never cache or disclose backend errors (23.735292ms)
✔ favorite input accepts only explicit desired state and a valid formal revision (7.628375ms)
✔ fixed feature contract keeps all seven boolean flags and zero default version (3.616958ms)
✔ missing unknown nonboolean and forged config metadata fail closed (0.375083ms)
✔ feature write acknowledgements require exact next version and every saved flag (17.343375ms)
✔ feature responses classify disabled conflict and unavailable errors without reflecting internals (3.877ms)
✔ feedback input rejects forged identity, invalid versions and oversized comments (5.1105ms)
✔ feedback writes require same origin JSON and a bounded body (25.23125ms)
✔ feedback errors have explicit status and no private diagnostic leakage or caching (0.830084ms)
✔ field settings reads uncached definitions and sends a stable caller id with optimistic version (35.628917ms)
✔ field acknowledgement must match every submitted value and the exact next version (5.588083ms)
✔ field acknowledgement normalizes submitted names and options before comparison (0.942833ms)
✔ unknown field write can retry the identical id, version and payload (1.134667ms)
✔ explicit field rejection stays distinct from server failure and malformed success (0.721ms)
✔ field reads reject malformed, duplicate and over-capacity definitions (15.114208ms)
✔ invalid field writes are rejected before a request is sent (0.190791ms)
✔ field inputs distinguish missing, zero and false without coercing invalid numbers (2.720417ms)
✔ snapshot display preserves literal text and uses Chinese boolean/empty labels (0.113292ms)
✔ field API separates conflict, input and unavailable failures with private responses (46.29425ms)
✔ field request JSON has a small streaming limit and rejects broken bodies (7.136458ms)
✔ field definition input is exact and validates bounds and types (1.030834ms)
✔ snapshots retain historic labels and null while active validation enforces real dates required and exact definitions (1.723959ms)
✔ typed values preserve false and zero and prevent invalid select numeric and oversized text values (0.280167ms)
✔ prepare reconciles enabled definitions but preserves disabled snapshots exactly (0.5295ms)
✔ stale enabled definition versions report a recoverable configuration conflict (0.26375ms)
✔ form settings reads both uncached resources and returns only the complete pair (37.517584ms)
✔ form acknowledgement verifies config, ordered bindings and full chosen field snapshots (14.920875ms)
✔ unknown form save retries identical stable identifier and original binding versions (0.48225ms)
✔ definite form and field conflicts differ from unknown result and malformed acknowledgements (1.822541ms)
✔ invalid request or untrusted chosen snapshots are rejected before fetch (0.31125ms)
✔ one unavailable or malformed resource rejects the entire settings reload (0.504916ms)
✔ old retained snapshots acknowledge unchanged even if the global field has since changed (0.172041ms)
✔ acknowledgement cannot silently reverse the configured field order (0.267792ms)
✔ submission acknowledgment belongs to the exact form and operation (53.787208ms)
✔ form transport uncertainty differs from definite rejection (1.077083ms)
✔ processing checks exact sequence status note and person metadata (11.920458ms)
✔ reader rejects wrong or disabled form responses (2.704042ms)
✔ forms responses are private and redact internal errors (9.624666ms)
✔ form request JSON is bounded, UTF8 strict, and paging rejects ambiguous values (10.280917ms)
✔ forms preserve zero false literal text and leap days with local required overrides (13.030709ms)
✔ forms reject invalid values dates duplicates and stale versions (6.048584ms)
✔ forms reject arbitrary code keys invalid layout and invalid limits (0.23475ms)
✔ form processing and pagination reject malformed states and fabricated totals (0.186958ms)
✔ restore acknowledges only the exact source new draft version sequence and unchanged formal pointer (30.412958ms)
✔ known rejection is refreshable while malformed responses server failures and timeout remain unknown (12.539917ms)
✔ selected history refresh validates freshness source identity all metadata and actual restore eligibility (1.999375ms)
✔ history pagination rejects unknown duplicated or malformed parameters (5.334416ms)
✔ history failures distinguish known rejection from unknown and keep private responses (17.199167ms)
✔ historical media URLs stay scoped to their document and version without changing employee URLs (2.172792ms)
✔ lifecycle endpoints never cache private results or expose underlying failures (46.076625ms)
✔ media blocks keep order, text, cells and asset IDs while rejecting remote or malformed data (0.843541ms)
✔ ordinary edits preserve content blocks and explicit changes produce a separate draft (0.592083ms)
✔ upload extension, actual signature and size must agree (0.219584ms)
✔ upload readback confirms bytes before ready; failed or forbidden uploads never look successful (24.725959ms)
✔ member identity accepts only current verified provider role and matching primary email (3.191125ms)
✔ member commands reject arbitrary metadata, unknown fields and unsafe values (0.550917ms)
✔ database URLs require two restricted identities and verified TLS outside loopback (0.768708ms)
✔ member API protects writes with exact origin and maps failures without details (28.908292ms)
✔ category destination uses only current authorized tree, preserves hierarchy and paginates current published items (1.358125ms)
✔ absent private categories reveal no label; direct available category remains readable independently of shortcuts (0.3035ms)
✔ invalid category/page inputs fail closed rather than broadening into a root collection (0.364125ms)
✔ category collections retain every valid membership while normal article tree still shows each article once (0.391583ms)
✔ navigation settings reads complete uncached config and current categories together (14.584625ms)
✔ navigation save requires strict wrapper, exact next version and every entry property (7.831833ms)
✔ unknown navigation writes retry the identical complete config and version (0.205375ms)
✔ navigation acknowledgement cannot change entry order or return noncanonical roles (0.191ms)
✔ explicit conflicts and rejections differ from server errors and malformed success (1.08475ms)
✔ invalid targets and zero-role entries are rejected before any write (0.111666ms)
✔ unavailable or malformed category data cannot yield a partially refreshed config (3.734334ms)
✔ empty persisted settings acknowledge as empty without restoring default entries (0.112875ms)
✔ navigation settings parse exact bounded entries and canonical roles (1.408167ms)
✔ configuration and menu acknowledgements reject noncanonical or external destinations (0.335042ms)
✔ navigation HTTP errors never disclose internals and every response is private no-store (22.623833ms)
✔ OPS request pages are exact and private failures do not leak service details (27.6365ms)
✔ OPS collection distinguishes authorized content empty denied and unavailable without leaked metadata (151.881083ms)
✔ PDF markup escapes content, preserves tables and rejects external image sources (1.971084ms)
✔ PDF export rechecks access and current version after rendering before releasing bytes (3.090959ms)
✔ PDF export never starts rendering inaccessible content and returns safe downloadable bytes (0.809333ms)
✔ print checks authorize the current revision without invoking storage or rendering (0.551834ms)
✔ PDF cover reads are bounded and revoked cover permission discards completed bytes (1.683833ms)
✔ PDF feature disabled during generation refuses release and keeps disabled response private (0.211917ms)
✔ T055 support cannot invoke any of 55 administrative operations (2.72375ms)
✔ T055 ops cannot invoke any of 55 administrative operations (1.077083ms)
✔ T055 anonymous, unverified and invalid-role identities cannot read even previously known object IDs (1.621333ms)
✔ publication acknowledgement must match the action, approved version, reviewer and published pointer (44.859041ms)
✔ publication reads reject stale content, malformed approval/history and impossible actionable states (15.669917ms)
✔ Q&A query distinguishes all and unclassified and rejects ambiguous inputs (1.63075ms)
✔ Q&A errors never expose backend detail and responses cannot be shared (20.116541ms)
✔ QA metadata is normalized, retained in immutable revisions and omitted input preserves it (1.4105ms)
✔ QA metadata rejects invalid fields and non-QA metadata while old input remains accepted (0.760458ms)
✔ body headings and outline share unique stable IDs even for repeated Chinese titles (1.956958ms)
✔ plain paragraphs and top-level lists retain text and ordered starting number (0.344166ms)
✔ HTML, media syntax and fenced heading text are preserved as text without generating outline entries (0.356917ms)
✔ simple pipe tables preserve all rows and keep literal HTML as text (0.200916ms)
✔ tree follows saved group order and nesting and prunes empty categories (0.692ms)
✔ multiple memberships appear once deterministically and stable IDs survive renaming (0.131667ms)
✔ missing or cyclic ancestors cannot promote categorized documents to the root (0.1415ms)
✔ category and document identifiers may overlap without losing either node (0.051333ms)
✔ navigation URLs keep opaque identifiers inside a local query parameter (0.740875ms)
✔ selection uses exact authorized IDs and never defaults an unavailable request to another page (0.555083ms)
✔ unconfigured navigation endpoint ignores forged claims and prevents shared caching (105.651167ms)
✔ breadcrumbs and neighbours follow authorized depth-first directory order across groups (1.1825ms)
✔ endpoints, singleton and invalid selections have no fabricated or wraparound links (0.176583ms)
✔ duplicate memberships produce one logical step and never turn a page into its own neighbour (0.37525ms)
✔ search input rejects ambiguous and long values, preserving a usable empty state (1.605125ms)
✔ title matching is literal, Chinese capable and deduplicated with only permitted breadcrumb data (0.437208ms)
✔ bounded pages preserve total and make invalid/out of range pages recoverable (0.366708ms)
✔ missing configuration is reported without throwing (1.202125ms)
✔ configuration presence does not claim successful service connections (0.709542ms)
✔ wildcard, URL and email values cannot be used as allowed company domains (0.20025ms)
✔ Supabase must be a secure origin or an explicit local development origin (0.16975ms)
✔ Clerk prefixes and test/live modes must agree (0.111125ms)
✔ Slack workspace identifiers cannot be arbitrary names or URLs (0.09775ms)
✔ reports never include configuration values or arbitrary environment values (0.137667ms)
✔ preview and mock-role environment values cannot enable authentication (0.085583ms)
✔ readiness includes the canonical application origin required by Clerk (0.136291ms)
✔ recent client records only the publication revision without client identity or timestamp (34.523584ms)
✔ recent client never accepts mismatched or malformed recording acknowledgements (2.922875ms)
✔ recent client surfaces unavailable recording and never treats rejection as success (1.071958ms)
✔ recent collection pagination rejects duplicate values forged actors and invalid pages (0.525084ms)
✔ recent responses are private and never disclose backend failures (15.879833ms)
✔ recent input accepts only a positive integer formal revision and rejects client actor or clock overrides (3.468875ms)
✔ reference row filtering is literal Chinese ASCII AND and can be limited to a selected column (1.643375ms)
✔ reference rows retain source order and numbers, bound pages, and reject invalid filters without mutating the table (1.109042ms)
✔ Reference query rejects ambiguous page or article and responses never share private errors (21.092416ms)
✔ control sends exact payload and validates each acknowledgement field (24.797583ms)
✔ control read rejects stale or inconsistent snapshots and malformed candidate/history fields (2.25025ms)
✔ definite rejected inputs require rereading while unknown results require exact retry (0.2435ms)
✔ review responses are private and distinguish rejected submission from service uncertainty (12.318ms)
✔ T028 rich blocks preserve literal text, order and independent tab identity (0.791292ms)
✔ T028 invalid styles, oversized content, nested payloads and duplicate tab IDs fail closed (0.23175ms)
✔ T028 PDF includes every tab and literal escaped code, without interactive-only content (0.85575ms)
✔ T029 renders bounded formula MathML and rejects trusted commands and invalid formulas (2.123125ms)
✔ T029 diagram source cannot configure renderer, load links or add HTML (0.298333ms)
✔ T029 Chinese inline emphasis is rendered and raw markup remains escaped (0.184167ms)
✔ T029 rendered diagram checks published access before and after rendering (201.473958ms)
✔ T055 diagram preview errors distinguish access from input and never reveal backend diagnostics (0.892083ms)
✔ search snippet finds late Chinese or ASCII matches and stays within the result budget (0.457583ms)
✔ search snippet uses literal text preserves Unicode and does not fabricate absent text (0.130167ms)
✔ unified results expose only server-provided escaped snippets and document metadata (59.1325ms)
✔ Clerk configuration requires a matched key pair with a valid encoded hostname (1.252667ms)
✔ missing or invalid configuration does not call the identity provider (0.584792ms)
✔ anonymous and incomplete identities never become signed-in sessions (0.13225ms)
✔ an active server session returns identity only, without trusting role or company claims (0.113167ms)
✔ revoked, expired, pending and mismatched sessions are rejected (0.237166ms)
✔ each new page check re-reads server session state and observes revocation (0.133542ms)
✔ provider failures become a recoverable generic error without leaking secrets (0.11025ms)
✔ entry destinations are fixed internal routes for all session states (0.054834ms)
✔ logout targets only the current session with a fixed destination, and failures remain failures (0.252167ms)
✔ admin logout uses the same current-session operation and returns to the admin login (0.087625ms)
✔ history targets and restoration accept only bounded fixed identifiers without client configuration (0.812292ms)
✔ history envelopes reject missing before evidence, inconsistent pagination and mismatched recovery receipts (2.318333ms)
✔ client rejects mismatched detail and write acknowledgements, keeping exact retry inputs (16.988042ms)
✔ history HTTP keeps unavailable distinct and rejects unsafe or overlong restore payloads (2.359542ms)
✔ private removal verifies actual absence and succeeds again for an already absent object (70.942584ms)
✔ failed delete and ambiguous absence never count as a completed removal (35.163625ms)
✔ removal rejects paths, public buckets and cancelled operations before changing bytes (4.806833ms)
✔ cleanup leaves partial failure pending and retries after deletion or persistence failure (28.999875ms)
✔ cleanup bounds work and leaves unavailable providers, invalid buckets and aborted work pending (167.65275ms)
✔ cleanup returns pending if a provider or persistence callback ignores cancellation (65.285792ms)
✔ Supabase documented NoSuchKey HTTP 400 confirms absence without treating arbitrary 400 as missing (21.260917ms)
✔ malformed, contradictory and non-object-missing HTTP 400 errors retain pending cleanup (52.185208ms)
✔ cleanup starts only visited jobs so an unstarted third job leads the next retry after budget exhaustion (26.141917ms)
✔ failed or stalled attempt persistence cannot begin private-object deletion (34.611667ms)
✔ actual private bytes and ranges use safe headers, never an upstream public cache policy (45.992042ms)
✔ revoked permission, guessed IDs and malformed ranges cannot cause an object read (9.779084ms)
✔ a public bucket and active HTML/SVG cannot bypass private delivery rules (10.960666ms)
✔ storage adapter rejects arbitrary paths, insecure remote origins and overwrites (8.01875ms)
✔ file backup restores actual bytes and rejects corruption before any upload (18.339458ms)
✔ healthy response streams can continue after the response-header timeout (256.205333ms)
✔ caller cancellation still aborts a streaming file response (6.344875ms)
✔ a streaming upload may outlast the response-header timeout (252.655042ms)
✔ explicit provisioning creates only a private bucket and never silently fixes a public bucket (7.064417ms)
✔ takedown or identity change while storage responds prevents releasing full or ranged private bytes (19.438958ms)
✔ new documents are private drafts and record the creator (0.613333ms)
✔ creation denies support with verified=true (0.152917ms)
✔ creation denies ops with verified=true (0.034916ms)
✔ creation denies admin with verified=false (0.037208ms)
✔ creation denies unknown with verified=true (0.034375ms)
✔ creation denies unknown with verified=false (0.033416ms)
✔ empty content identifiers and invalid visibility are rejected (0.078542ms)
✔ submitting binds a concrete revision and another verified Admin (0.185ms)
✔ submission cannot choose self, an employee, an unverified account or no reviewer (0.125333ms)
✔ submitting on behalf of an author cannot select that author as reviewer (0.091ms)
✔ only the assigned current Admin can approve or reject (0.703792ms)
✔ rejection requires a reason and resubmission requires a fresh approval (0.410667ms)
✔ reviewed content is frozen until withdrawn (0.902083ms)
✔ reassigning removes the old reviewer authority and records both reviewers (0.271833ms)
✔ the last editor cannot be chosen for secondary review (0.157791ms)
✔ reassignment rejects distinct authors, editors, submitters and ineligible accounts (0.550708ms)
✔ publishing requires approval then explicit publication queue (0.42175ms)
✔ new drafts leave the current formal version readable until replacement publishes (0.331208ms)
✔ editing an approved or queued version invalidates approval and preserves that snapshot (0.370583ms)
✔ a visibility change only affects readers when its reviewed revision is published (0.140541ms)
✔ stale or repeated commands cannot change the document or add history (0.1125ms)
✔ employees cannot bypass the workflow through any command (0.203916ms)
✔ archived or deleted content cannot be edited or republished through regular commands (0.141667ms)
✔ every successful transition keeps an immutable audit trail bound to its version (0.145208ms)
✔ unknown commands and inconsistent approval records fail closed (0.12675ms)
✔ workspace query rejects ambiguous filters and treats title as literal text (1.737334ms)
✔ workspace publication text distinguishes current workflow from published reader copy (0.128625ms)
✔ workspace responses hide service errors and never share private results (15.3175ms)
ℹ tests 323
ℹ suites 0
ℹ pass 323
ℹ fail 0
ℹ cancelled 0
ℹ skipped 0
ℹ todo 0
ℹ duration_ms 1725.102041
