[WebServer] (node:82570) Warning: The 'NO_COLOR' env is ignored due to the 'FORCE_COLOR' env being set.
[WebServer] (Use `node --trace-warnings ...` to show where the warning was created)

Running 64 tests using 1 worker

(node:82571) Warning: The 'NO_COLOR' env is ignored due to the 'FORCE_COLOR' env being set.
(Use `node --trace-warnings ...` to show where the warning was created)
  ✓   1 [desktop] › tests/e2e/editor.spec.ts:11:1 › real BlockNote edits autosave reload and mixed blocks preview in order (3.8s)
  ✓   2 [desktop] › tests/e2e/editor.spec.ts:20:1 › typing during an outstanding save is retained and saved with the acknowledged sequence (4.2s)
  ✓   3 [desktop] › tests/e2e/editor.spec.ts:26:1 › failed save retains content pauses retries and warns before leaving (1.9s)
  ✓   4 [desktop] › tests/e2e/editor.spec.ts:33:1 › new document uses stable id and frozen review document cannot be edited (2.1s)
  ✓   5 [desktop] › tests/e2e/editor.spec.ts:39:1 › conflict does not overwrite typed input and plain URL text does not embed remote media (1.8s)
  ✓   6 [desktop] › tests/e2e/editor.spec.ts:42:1 › real editor pages and GET PUT reject unconfigured forged identity (135ms)
  ✓   7 [desktop] › tests/e2e/editor.spec.ts:46:1 › invalid custom field stays editable and can be corrected without losing its text (2.2s)
  ✓   8 [desktop] › tests/e2e/editor.spec.ts:51:1 › recovery compares server content preserves local input and adopts the server sequence explicitly (3.9s)
  ✓   9 [desktop] › tests/e2e/editor.spec.ts:63:1 › recovery read failure wrong article and clipboard failure retain input without allowing adoption (2.0s)
  ✓  10 [desktop] › tests/e2e/editor.spec.ts:69:1 › recovery of a submitted snapshot locks editing and preserves previous input (1.9s)
  ✓  11 [desktop] › tests/e2e/editor.spec.ts:73:1 › server changing after comparison still conflicts and a second recovery retains both inputs (3.3s)
  ✓  12 [desktop] › tests/e2e/editor.spec.ts:80:1 › editor trash action requires saved input and confirmation then freezes only after acknowledged deletion (2.5s)
  ✓  13 [desktop] › tests/e2e/editor.spec.ts:86:1 › upload-in-progress rejection keeps editor data and permits retry after upload completes (496ms)
  ✓  14 [desktop] › tests/e2e/editor.spec.ts:90:1 › editing a published article saves a new draft while showing that its old formal version remains readable (1.7s)
  ✓  15 [desktop] › tests/e2e/editor.spec.ts:96:1 › new OPS documents default to restricted audience and cannot select ordinary staff (1.7s)
  ✓  16 [desktop] › tests/e2e/editor.spec.ts:103:1 › Reference shortcut presets a new document but does not change the kind of an existing article (2.1s)
  ✓  17 [desktop] › tests/e2e/editor.spec.ts:110:1 › Q&A shortcut saves classification and order as draft metadata and preserves them on reload (3.5s)
  ✓  18 [desktop] › tests/e2e/editor.spec.ts:121:1 › Q&A classification freezes in review and the shortcut never changes an existing kind (788ms)
  ✓  19 [desktop] › tests/e2e/editor.spec.ts:126:1 › Q&A recovery keeps classification input and displays the server version before explicit replacement (1.9s)
  ✓  20 [desktop] › tests/e2e/editor.spec.ts:133:1 › Q&A mismatched save metadata is not acknowledged and exact retry preserves the submitted values (1.8s)
  ✓  21 [desktop] › tests/e2e/media.spec.ts:16:1 › media editor preserves image descriptions and table cells across save, reload, reorder and removal (831ms)
  ✓  22 [desktop] › tests/e2e/media.spec.ts:22:1 › failed saves retain cells and failed uploads never enter the ready file picker (374ms)
  ✓  23 [desktop] › tests/e2e/media.spec.ts:26:1 › verified upload can be selected, used as cover and saved without sending roles (382ms)
  ✓  24 [desktop] › tests/e2e/media.spec.ts:31:1 › reader media uses private URLs and reports unreadable media while preserving tables (331ms)
  ✓  25 [desktop] › tests/e2e/media.spec.ts:37:1 › oversized table inputs remain editable and recover after reducing content (5.3s)
  ✓  26 [desktop] › tests/e2e/media.spec.ts:47:1 › native video actually plays locally generated WebM bytes on both viewports (1.7s)
  ✓  27 [desktop] › tests/e2e/pdf.spec.ts:12:1 › PDF reading keeps Chinese tables, attachment controls and print layout on desktop and mobile (639ms)
  ✓  28 [desktop] › tests/e2e/pdf.spec.ts:20:1 › PDF download waits for success, keeps errors honest, and can retry (429ms)
  ✓  29 [desktop] › tests/e2e/pdf.spec.ts:26:1 › print action rechecks current permission and revision before opening browser print (437ms)
  ✓  30 [desktop] › tests/e2e/performance.spec.ts:9:1 › T058 1000-entry directory and 300-block reading stay usable (7.3s)
  ✓  31 [desktop] › tests/e2e/performance.spec.ts:19:1 › T058 300-block BlockNote edit autosave and reload preserve every block (13.4s)
  ✓  32 [desktop] › tests/e2e/performance.spec.ts:28:1 › T058 200-row eight-column Reference filters last row without overflow (563ms)
(node:82653) Warning: The 'NO_COLOR' env is ignored due to the 'FORCE_COLOR' env being set.
(Use `node --trace-warnings ...` to show where the warning was created)
  ✓  33 [mobile] › tests/e2e/editor.spec.ts:11:1 › real BlockNote edits autosave reload and mixed blocks preview in order (3.8s)
  ✓  34 [mobile] › tests/e2e/editor.spec.ts:20:1 › typing during an outstanding save is retained and saved with the acknowledged sequence (4.2s)
  ✓  35 [mobile] › tests/e2e/editor.spec.ts:26:1 › failed save retains content pauses retries and warns before leaving (1.9s)
  ✓  36 [mobile] › tests/e2e/editor.spec.ts:33:1 › new document uses stable id and frozen review document cannot be edited (2.1s)
  ✓  37 [mobile] › tests/e2e/editor.spec.ts:39:1 › conflict does not overwrite typed input and plain URL text does not embed remote media (1.8s)
  ✓  38 [mobile] › tests/e2e/editor.spec.ts:42:1 › real editor pages and GET PUT reject unconfigured forged identity (121ms)
  ✓  39 [mobile] › tests/e2e/editor.spec.ts:46:1 › invalid custom field stays editable and can be corrected without losing its text (2.3s)
  ✓  40 [mobile] › tests/e2e/editor.spec.ts:51:1 › recovery compares server content preserves local input and adopts the server sequence explicitly (3.9s)
  ✓  41 [mobile] › tests/e2e/editor.spec.ts:63:1 › recovery read failure wrong article and clipboard failure retain input without allowing adoption (2.0s)
  ✓  42 [mobile] › tests/e2e/editor.spec.ts:69:1 › recovery of a submitted snapshot locks editing and preserves previous input (1.9s)
  ✓  43 [mobile] › tests/e2e/editor.spec.ts:73:1 › server changing after comparison still conflicts and a second recovery retains both inputs (3.4s)
  ✓  44 [mobile] › tests/e2e/editor.spec.ts:80:1 › editor trash action requires saved input and confirmation then freezes only after acknowledged deletion (2.5s)
  ✓  45 [mobile] › tests/e2e/editor.spec.ts:86:1 › upload-in-progress rejection keeps editor data and permits retry after upload completes (512ms)
  ✓  46 [mobile] › tests/e2e/editor.spec.ts:90:1 › editing a published article saves a new draft while showing that its old formal version remains readable (1.7s)
  ✓  47 [mobile] › tests/e2e/editor.spec.ts:96:1 › new OPS documents default to restricted audience and cannot select ordinary staff (1.7s)
  ✓  48 [mobile] › tests/e2e/editor.spec.ts:103:1 › Reference shortcut presets a new document but does not change the kind of an existing article (2.1s)
  ✓  49 [mobile] › tests/e2e/editor.spec.ts:110:1 › Q&A shortcut saves classification and order as draft metadata and preserves them on reload (3.5s)
  ✓  50 [mobile] › tests/e2e/editor.spec.ts:121:1 › Q&A classification freezes in review and the shortcut never changes an existing kind (808ms)
  ✓  51 [mobile] › tests/e2e/editor.spec.ts:126:1 › Q&A recovery keeps classification input and displays the server version before explicit replacement (1.9s)
  ✓  52 [mobile] › tests/e2e/editor.spec.ts:133:1 › Q&A mismatched save metadata is not acknowledged and exact retry preserves the submitted values (1.8s)
  ✓  53 [mobile] › tests/e2e/media.spec.ts:16:1 › media editor preserves image descriptions and table cells across save, reload, reorder and removal (827ms)
  ✓  54 [mobile] › tests/e2e/media.spec.ts:22:1 › failed saves retain cells and failed uploads never enter the ready file picker (361ms)
  ✓  55 [mobile] › tests/e2e/media.spec.ts:26:1 › verified upload can be selected, used as cover and saved without sending roles (387ms)
  ✓  56 [mobile] › tests/e2e/media.spec.ts:31:1 › reader media uses private URLs and reports unreadable media while preserving tables (338ms)
  ✓  57 [mobile] › tests/e2e/media.spec.ts:37:1 › oversized table inputs remain editable and recover after reducing content (5.8s)
  ✓  58 [mobile] › tests/e2e/media.spec.ts:47:1 › native video actually plays locally generated WebM bytes on both viewports (1.7s)
  ✓  59 [mobile] › tests/e2e/pdf.spec.ts:12:1 › PDF reading keeps Chinese tables, attachment controls and print layout on desktop and mobile (633ms)
  ✓  60 [mobile] › tests/e2e/pdf.spec.ts:20:1 › PDF download waits for success, keeps errors honest, and can retry (432ms)
  ✓  61 [mobile] › tests/e2e/pdf.spec.ts:26:1 › print action rechecks current permission and revision before opening browser print (454ms)
  ✓  62 [mobile] › tests/e2e/performance.spec.ts:9:1 › T058 1000-entry directory and 300-block reading stay usable (7.1s)
  ✓  63 [mobile] › tests/e2e/performance.spec.ts:19:1 › T058 300-block BlockNote edit autosave and reload preserve every block (13.7s)
  ✓  64 [mobile] › tests/e2e/performance.spec.ts:28:1 › T058 200-row eight-column Reference filters last row without overflow (548ms)

  64 passed (2.6m)
