
> juyu-help-centre-v2@0.1.0 test
> node --experimental-strip-types --test tests/*.test.ts

✔ Clerk role metadata only recognizes the three configured roles (0.368875ms)
✔ support reading staff published content: true (0.103541ms)
✔ support reading ops published content: false (0.0335ms)
✔ support reading admin published content: false (0.033625ms)
✔ ops reading staff published content: true (0.0405ms)
✔ ops reading ops published content: true (0.029375ms)
✔ ops reading admin published content: false (0.030375ms)
✔ admin reading staff published content: true (0.027916ms)
✔ admin reading ops published content: true (0.071584ms)
✔ admin reading admin published content: true (0.075ms)
✔ missing identity, empty id, unverified company and unknown roles are denied (0.077875ms)
✔ archived, trashed and unpublished documents disappear even for an Admin reader (0.049666ms)
✔ a confidential new draft does not replace the readable published version (0.349417ms)
✔ a staff draft cannot open access to a published OPS document (0.044583ms)
✔ OPS content is denied to Support even if its audience is accidentally marked staff (0.035417ms)
✔ asset access requires the same document, current published version and viewer permission (0.041791ms)
✔ search excludes unauthorized, trashed and unpublished documents without title leakage (0.032542ms)
✔ reader output cannot mutate the stored revision (0.049542ms)
✔ admin requires company verification before any role lookup (0.61225ms)
✔ only the current exact publicMetadata admin role is permitted (0.123959ms)
✔ unsafe metadata and browser role claims cannot grant admin (0.054916ms)
✔ disabled, mismatched or changed company accounts cannot retain admin entry (0.085833ms)
✔ role changes are re-read on the next check and failures stay generic (0.111584ms)
✔ all admin page decisions use fixed destinations without accepting return URLs (0.075791ms)
✔ admin API denies every unqualified state before the protected operation executes (11.655459ms)
✔ qualified admin operation has protected responses and preserves closed database integration (1.285583ms)
✔ login sanitization defeats actual Clerk query precedence and preserves OAuth callback state (1.425125ms)
✔ analytics sends only a bounded event with keepalive and validates matching acknowledgements (12.915625ms)
✔ analytics transient failure retries the identical event once and final failure is contained (1.417667ms)
✔ analytics cancellation stops scheduled retries and definite rejections do not loop (42.328458ms)
✔ analytics distinguishes absent denominator from confirmed zero clicks (20.374333ms)
✔ dashboard accepts only a single supported time range and never actor overrides (0.492708ms)
✔ dashboard failures never return zero totals or backend details and use private caching (30.386833ms)
✔ dashboard range defaults only when omitted and accepts exactly the supported numeric or string values (0.291625ms)
✔ dashboard rejects ambiguous, coerced and unsupported ranges (0.197958ms)
✔ analytics body parsing rejects query params malformed JSON and oversized streams (24.185041ms)
✔ analytics failures return only private sanitized errors (1.091667ms)
✔ analytics accepts only the three event contracts and normalizes search whitespace (1.318041ms)
✔ analytics rejects arbitrary actor time content nested fields and malformed bounded values (0.314375ms)
✔ search snapshot strips titles snippets and URLs while preserving authorized order (0.571083ms)
✔ search clicks map only to actual result links with global result positions (0.098333ms)
✔ announcement configuration accepts fixed existing targets and bounded plain text only (0.472041ms)
✔ versioned receipt and publication envelopes reject forged links and mismatched types (0.438375ms)
✔ client acknowledgements bind the exact announcement and revision without accepting forged content (14.636917ms)
✔ announcement HTTP refuses unsafe bodies and exposes no private service error details (2.83ms)
✔ cover and normalized tags are immutable revision snapshots and omitted edits preserve them (2.705584ms)
✔ malformed tags and external or invalid covers cannot enter a draft (0.294416ms)
✔ protected success response prevents shared caching and error leakage (17.44225ms)
✔ protected missing response prevents shared caching and error leakage (1.805333ms)
✔ protected forbidden response prevents shared caching and error leakage (0.365209ms)
✔ protected unconfigured response prevents shared caching and error leakage (0.22ms)
✔ protected internal response prevents shared caching and error leakage (0.239583ms)
✔ real route entry points ignore forged role headers and remain closed before identity integration (32.429959ms)
✔ availability ack validates action version lifecycle and removal of the formal pointer (32.819959ms)
✔ availability snapshots reject stale versions malformed history and impossible actions (1.709666ms)
✔ availability busy rejection tells the user the operation did not execute and can refresh (0.47175ms)
✔ availability responses distinguish the known pre-write member lock rejection from unknown results (14.212959ms)
✔ category editor inherits every ancestor restriction and preserves literal labels (0.582542ms)
✔ category editor selection rejects unknown or newly disabled IDs and retains old disabled memberships (0.278625ms)
✔ category API separates conflict, input and unavailable failures with private responses (37.93425ms)
✔ category request JSON has a small streaming limit and rejects broken bodies (6.684125ms)
✔ category settings reject malformed keys IDs ranges and blank or controlled names (0.819875ms)
✔ article category IDs are strict unique bounded and canonical (0.104167ms)
✔ editor request preserves omitted category membership and accepts explicit clearing (0.438167ms)
✔ recovery carries category membership and validates all referenced options (1.032459ms)
✔ category settings reads uncached definitions and sends a stable caller id with optimistic version (12.442083ms)
✔ category acknowledgement must match every submitted value and the exact next version (0.728459ms)
✔ unknown category write can retry the identical id, version and payload (0.2165ms)
✔ explicit category rejection stays distinct from server failure and malformed success (1.813583ms)
✔ category reads reject malformed, duplicate and over-capacity definitions (1.733833ms)
✔ invalid category writes are rejected before a request is sent (0.223916ms)
✔ child acknowledgement validates independently of its parent and normalizes the submitted name (0.499708ms)
✔ category read errors never become successful empty lists (0.239709ms)
✔ company configuration allows only exact domains and an explicit workspace ID (0.761083ms)
✔ missing configuration or signed-out sessions do not contact any identity supplier (0.137084ms)
✔ matching verified Clerk and Slack identity produces company proof without role or tokens (0.127667ms)
✔ primary email must be verified and exactly within an allowed company domain (0.1275ms)
✔ banned, locked and mismatched Clerk users are rejected before token retrieval (0.078042ms)
✔ hand-written metadata and unsigned ID token contents cannot replace Slack verification (0.088209ms)
✔ Slack token must belong to the verified linked account; ambiguous or foreign tokens fail closed (0.661042ms)
✔ Slack must confirm workspace, subject and the same verified company email (0.652541ms)
✔ fresh verification observes workspace and token revocation; supplier failures do not leak secrets (0.379792ms)
✔ Slack transport uses fixed HTTPS, private headers, no cache and no redirects (3.133333ms)
✔ Slack HTTP failures, malformed or oversized bodies and invalid tokens fail safely (0.525667ms)
✔ company status responses do not leak identities or imply content authorization (0.509542ms)
✔ real local HTTP confirms Slack transport refuses redirects without forwarding credentials (28.195709ms)
✔ Slack application-level outages are unavailable, while rejected credentials remain denied (0.340541ms)
✔ autosave serializes requests and keeps typing during save dirty (0.689625ms)
✔ failed or conflicting save retains input and revision until an explicit retry succeeds (0.108208ms)
✔ ambiguous or invalid acknowledgements never mark new drafts saved (0.068708ms)
✔ explicit retry replays the unconfirmed request before saving newer queued input (0.112291ms)
✔ invalid create acknowledgement keeps the original create snapshot for retry (0.110042ms)
✔ reverting local input cannot discard an unconfirmed write (0.093375ms)
✔ confirmed server rejection discards the rejected payload so corrected input can be retried (0.151084ms)
✔ structured documents roundtrip marks, hierarchy and ordered media projection (1.510708ms)
✔ invalid reserved documents, executable URLs, unknown styles and duplicate nested IDs fail closed (0.253375ms)
✔ document boundaries cap nested blocks, custom media, text and total body (2.364709ms)
✔ legacy conversion preserves supported text marks, literal fences, tables and trailing media (1.264916ms)
✔ null and sparse schema values reject instead of silently converting data (0.183125ms)
✔ numbered lists retain start, nested children and numbering after interruptions (0.24725ms)
✔ oversized legacy tables preserve all literal cell text without applying inline markdown (0.464333ms)
✔ legacy conversion keeps tables readable when all forty custom slots already contain media (0.677416ms)
✔ null property defaults are rejected and legacy zero-based numbering is preserved literally (0.286667ms)
✔ legacy heading anchors survive conversion and later structured saves (0.437791ms)
✔ legacy anchor collisions retain media identity and every heading with unique stable IDs (0.384417ms)
✔ new article opens with one valid empty paragraph and can be saved and reopened (0.158ms)
✔ whitespace-only legacy article opens with one valid empty paragraph and can be saved and reopened (0.087916ms)
✔ saved empty structured article opens with one valid empty paragraph and can be saved and reopened (0.071042ms)
✔ empty structured content ignores the legacy media projection and uses the same new-document paragraph (0.0985ms)
✔ recovery accepts a validated same-document snapshot including frozen review status (2.311084ms)
✔ recovery rejects wrong article stale sequence malformed metadata and malformed body (0.689375ms)
✔ recovery text preserves raw invalid draft fields and whitespace without executing markup (0.203125ms)
✔ readable comparison includes private media descriptions without generating asset URLs (0.669333ms)
✔ Q&A recovery preserves version classification and rejects malformed metadata (0.538334ms)
✔ only company verified current accounts with missing or valid roles qualify for enrollment (0.5605ms)
✔ real enrollment route stays closed without services and ignores forged roles (25.195584ms)
✔ both admin landing and login can send unenrolled accounts to the fixed employee setup flow (1.651792ms)
✔ favorite client reads current private state and sends an explicit desired value without identity claims (12.56075ms)
✔ favorite client rejects wrong document revision or desired-state acknowledgements (0.52675ms)
✔ favorite client distinguishes definite rejection from an unknown write result (0.270959ms)
✔ favorites request parsing rejects duplicate or forged identity parameters (0.574917ms)
✔ favorites responses never cache or disclose backend errors (14.337958ms)
✔ favorite input accepts only explicit desired state and a valid formal revision (3.573166ms)
✔ fixed feature contract keeps all seven boolean flags and zero default version (1.142666ms)
✔ missing unknown nonboolean and forged config metadata fail closed (0.477708ms)
✔ feature write acknowledgements require exact next version and every saved flag (11.76525ms)
✔ feature responses classify disabled conflict and unavailable errors without reflecting internals (0.487125ms)
✔ feedback input rejects forged identity, invalid versions and oversized comments (0.83275ms)
✔ feedback writes require same origin JSON and a bounded body (14.984166ms)
✔ feedback errors have explicit status and no private diagnostic leakage or caching (0.786833ms)
✔ field settings reads uncached definitions and sends a stable caller id with optimistic version (12.389667ms)
✔ field acknowledgement must match every submitted value and the exact next version (0.867167ms)
✔ field acknowledgement normalizes submitted names and options before comparison (0.180666ms)
✔ unknown field write can retry the identical id, version and payload (0.978625ms)
✔ explicit field rejection stays distinct from server failure and malformed success (0.68775ms)
✔ field reads reject malformed, duplicate and over-capacity definitions (0.728625ms)
✔ invalid field writes are rejected before a request is sent (0.14475ms)
✔ field inputs distinguish missing, zero and false without coercing invalid numbers (0.565625ms)
✔ snapshot display preserves literal text and uses Chinese boolean/empty labels (0.0635ms)
✔ field API separates conflict, input and unavailable failures with private responses (14.371375ms)
✔ field request JSON has a small streaming limit and rejects broken bodies (1.824542ms)
✔ field definition input is exact and validates bounds and types (0.544541ms)
✔ snapshots retain historic labels and null while active validation enforces real dates required and exact definitions (2.187625ms)
✔ typed values preserve false and zero and prevent invalid select numeric and oversized text values (0.350375ms)
✔ prepare reconciles enabled definitions but preserves disabled snapshots exactly (0.816833ms)
✔ stale enabled definition versions report a recoverable configuration conflict (0.065833ms)
✔ form settings reads both uncached resources and returns only the complete pair (16.862625ms)
✔ form acknowledgement verifies config, ordered bindings and full chosen field snapshots (3.071584ms)
✔ unknown form save retries identical stable identifier and original binding versions (0.368709ms)
✔ definite form and field conflicts differ from unknown result and malformed acknowledgements (0.433ms)
✔ invalid request or untrusted chosen snapshots are rejected before fetch (0.15125ms)
✔ one unavailable or malformed resource rejects the entire settings reload (0.216125ms)
✔ old retained snapshots acknowledge unchanged even if the global field has since changed (0.080292ms)
✔ acknowledgement cannot silently reverse the configured field order (0.109792ms)
✔ submission acknowledgment belongs to the exact form and operation (15.243875ms)
✔ form transport uncertainty differs from definite rejection (0.303125ms)
✔ processing checks exact sequence status note and person metadata (1.045209ms)
✔ reader rejects wrong or disabled form responses (0.376125ms)
✔ forms responses are private and redact internal errors (16.3295ms)
✔ form request JSON is bounded, UTF8 strict, and paging rejects ambiguous values (3.423125ms)
✔ forms preserve zero false literal text and leap days with local required overrides (9.007625ms)
✔ forms reject invalid values dates duplicates and stale versions (1.207375ms)
✔ forms reject arbitrary code keys invalid layout and invalid limits (0.207583ms)
✔ form processing and pagination reject malformed states and fabricated totals (0.134375ms)
✔ restore acknowledges only the exact source new draft version sequence and unchanged formal pointer (23.021625ms)
✔ known rejection is refreshable while malformed responses server failures and timeout remain unknown (1.475125ms)
✔ selected history refresh validates freshness source identity all metadata and actual restore eligibility (1.122208ms)
✔ history pagination rejects unknown duplicated or malformed parameters (4.908458ms)
✔ history failures distinguish known rejection from unknown and keep private responses (11.937834ms)
✔ historical media URLs stay scoped to their document and version without changing employee URLs (3.859792ms)
✔ lifecycle endpoints never cache private results or expose underlying failures (12.135584ms)
✔ media blocks keep order, text, cells and asset IDs while rejecting remote or malformed data (2.195334ms)
✔ ordinary edits preserve content blocks and explicit changes produce a separate draft (0.694875ms)
✔ upload extension, actual signature and size must agree (0.430292ms)
✔ upload readback confirms bytes before ready; failed or forbidden uploads never look successful (22.975792ms)
✔ member identity accepts only current verified provider role and matching primary email (0.696334ms)
✔ member commands reject arbitrary metadata, unknown fields and unsafe values (0.868042ms)
✔ database URLs require two restricted identities and verified TLS outside loopback (1.718292ms)
✔ member API protects writes with exact origin and maps failures without details (19.624042ms)
✔ category destination uses only current authorized tree, preserves hierarchy and paginates current published items (0.712958ms)
✔ absent private categories reveal no label; direct available category remains readable independently of shortcuts (0.0915ms)
✔ invalid category/page inputs fail closed rather than broadening into a root collection (0.1765ms)
✔ category collections retain every valid membership while normal article tree still shows each article once (0.1955ms)
✔ navigation settings reads complete uncached config and current categories together (23.663208ms)
✔ navigation save requires strict wrapper, exact next version and every entry property (6.001291ms)
✔ unknown navigation writes retry the identical complete config and version (0.272375ms)
✔ navigation acknowledgement cannot change entry order or return noncanonical roles (0.199875ms)
✔ explicit conflicts and rejections differ from server errors and malformed success (7.354208ms)
✔ invalid targets and zero-role entries are rejected before any write (0.125791ms)
✔ unavailable or malformed category data cannot yield a partially refreshed config (0.313667ms)
✔ empty persisted settings acknowledge as empty without restoring default entries (0.07725ms)
✔ navigation settings parse exact bounded entries and canonical roles (1.003667ms)
✔ configuration and menu acknowledgements reject noncanonical or external destinations (0.29475ms)
✔ navigation HTTP errors never disclose internals and every response is private no-store (48.698542ms)
✔ OPS request pages are exact and private failures do not leak service details (31.100167ms)
✔ OPS collection distinguishes authorized content empty denied and unavailable without leaked metadata (69.109542ms)
✔ PDF markup escapes content, preserves tables and rejects external image sources (1.065ms)
✔ PDF export rechecks access and current version after rendering before releasing bytes (1.70075ms)
✔ PDF export never starts rendering inaccessible content and returns safe downloadable bytes (0.54925ms)
✔ print checks authorize the current revision without invoking storage or rendering (0.635667ms)
✔ PDF cover reads are bounded and revoked cover permission discards completed bytes (4.51175ms)
✔ PDF feature disabled during generation refuses release and keeps disabled response private (0.388958ms)
✔ T055 support cannot invoke any of 55 administrative operations (6.843917ms)
✔ T055 ops cannot invoke any of 55 administrative operations (0.91075ms)
✔ T055 anonymous, unverified and invalid-role identities cannot read even previously known object IDs (1.45475ms)
✔ publication acknowledgement must match the action, approved version, reviewer and published pointer (27.892417ms)
✔ publication reads reject stale content, malformed approval/history and impossible actionable states (1.606084ms)
✔ Q&A query distinguishes all and unclassified and rejects ambiguous inputs (0.830167ms)
✔ Q&A errors never expose backend detail and responses cannot be shared (16.288084ms)
✔ QA metadata is normalized, retained in immutable revisions and omitted input preserves it (0.9275ms)
✔ QA metadata rejects invalid fields and non-QA metadata while old input remains accepted (0.33625ms)
✔ body headings and outline share unique stable IDs even for repeated Chinese titles (1.831541ms)
✔ plain paragraphs and top-level lists retain text and ordered starting number (0.206541ms)
✔ HTML, media syntax and fenced heading text are preserved as text without generating outline entries (0.287458ms)
✔ simple pipe tables preserve all rows and keep literal HTML as text (0.178958ms)
✔ tree follows saved group order and nesting and prunes empty categories (1.339334ms)
✔ multiple memberships appear once deterministically and stable IDs survive renaming (0.154875ms)
✔ missing or cyclic ancestors cannot promote categorized documents to the root (0.142541ms)
✔ category and document identifiers may overlap without losing either node (0.048458ms)
✔ navigation URLs keep opaque identifiers inside a local query parameter (0.546583ms)
✔ selection uses exact authorized IDs and never defaults an unavailable request to another page (0.062958ms)
✔ unconfigured navigation endpoint ignores forged claims and prevents shared caching (50.148542ms)
✔ breadcrumbs and neighbours follow authorized depth-first directory order across groups (1.2725ms)
✔ endpoints, singleton and invalid selections have no fabricated or wraparound links (0.176958ms)
✔ duplicate memberships produce one logical step and never turn a page into its own neighbour (0.107958ms)
✔ search input rejects ambiguous and long values, preserving a usable empty state (0.873666ms)
✔ title matching is literal, Chinese capable and deduplicated with only permitted breadcrumb data (0.213083ms)
✔ bounded pages preserve total and make invalid/out of range pages recoverable (0.198792ms)
✔ missing configuration is reported without throwing (1.267584ms)
✔ configuration presence does not claim successful service connections (0.718292ms)
✔ wildcard, URL and email values cannot be used as allowed company domains (0.188791ms)
✔ Supabase must be a secure origin or an explicit local development origin (0.156875ms)
✔ Clerk prefixes and test/live modes must agree (0.1125ms)
✔ Slack workspace identifiers cannot be arbitrary names or URLs (0.101292ms)
✔ reports never include configuration values or arbitrary environment values (0.15375ms)
✔ preview and mock-role environment values cannot enable authentication (0.122167ms)
✔ readiness includes the canonical application origin required by Clerk (0.148583ms)
✔ recent client records only the publication revision without client identity or timestamp (11.051084ms)
✔ recent client never accepts mismatched or malformed recording acknowledgements (0.551042ms)
✔ recent client surfaces unavailable recording and never treats rejection as success (0.265542ms)
✔ recent collection pagination rejects duplicate values forged actors and invalid pages (0.972458ms)
✔ recent responses are private and never disclose backend failures (14.448458ms)
✔ recent input accepts only a positive integer formal revision and rejects client actor or clock overrides (3.081375ms)
✔ reference row filtering is literal Chinese ASCII AND and can be limited to a selected column (0.743667ms)
✔ reference rows retain source order and numbers, bound pages, and reject invalid filters without mutating the table (0.20375ms)
✔ Reference query rejects ambiguous page or article and responses never share private errors (20.87825ms)
✔ control sends exact payload and validates each acknowledgement field (10.068375ms)
✔ control read rejects stale or inconsistent snapshots and malformed candidate/history fields (2.692167ms)
✔ definite rejected inputs require rereading while unknown results require exact retry (0.252875ms)
✔ review responses are private and distinguish rejected submission from service uncertainty (14.395792ms)
✔ T028 rich blocks preserve literal text, order and independent tab identity (0.770667ms)
✔ T028 invalid styles, oversized content, nested payloads and duplicate tab IDs fail closed (0.194625ms)
✔ T028 PDF includes every tab and literal escaped code, without interactive-only content (0.413333ms)
✔ T029 renders bounded formula MathML and rejects trusted commands and invalid formulas (2.061625ms)
✔ T029 diagram source cannot configure renderer, load links or add HTML (0.294291ms)
✔ T029 Chinese inline emphasis is rendered and raw markup remains escaped (0.181792ms)
✔ T029 rendered diagram checks published access before and after rendering (156.641375ms)
✔ T055 diagram preview errors distinguish access from input and never reveal backend diagnostics (0.805833ms)
✔ search snippet finds late Chinese or ASCII matches and stays within the result budget (0.900917ms)
✔ search snippet uses literal text preserves Unicode and does not fabricate absent text (0.187125ms)
✔ unified results expose only server-provided escaped snippets and document metadata (44.857458ms)
✔ Clerk configuration requires a matched key pair with a valid encoded hostname (1.245667ms)
✔ missing or invalid configuration does not call the identity provider (0.555375ms)
✔ anonymous and incomplete identities never become signed-in sessions (0.127125ms)
✔ an active server session returns identity only, without trusting role or company claims (0.113292ms)
✔ revoked, expired, pending and mismatched sessions are rejected (0.261666ms)
✔ each new page check re-reads server session state and observes revocation (0.113167ms)
✔ provider failures become a recoverable generic error without leaking secrets (0.670916ms)
✔ entry destinations are fixed internal routes for all session states (0.08775ms)
✔ logout targets only the current session with a fixed destination, and failures remain failures (0.439166ms)
✔ admin logout uses the same current-session operation and returns to the admin login (0.171625ms)
✔ history targets and restoration accept only bounded fixed identifiers without client configuration (1.577125ms)
✔ history envelopes reject missing before evidence, inconsistent pagination and mismatched recovery receipts (1.94225ms)
✔ client rejects mismatched detail and write acknowledgements, keeping exact retry inputs (9.663333ms)
✔ history HTTP keeps unavailable distinct and rejects unsafe or overlong restore payloads (5.26725ms)
✔ private removal verifies actual absence and succeeds again for an already absent object (51.648417ms)
✔ failed delete and ambiguous absence never count as a completed removal (26.505458ms)
✔ removal rejects paths, public buckets and cancelled operations before changing bytes (3.636958ms)
✔ cleanup leaves partial failure pending and retries after deletion or persistence failure (26.736292ms)
✔ cleanup bounds work and leaves unavailable providers, invalid buckets and aborted work pending (163.563875ms)
✔ cleanup returns pending if a provider or persistence callback ignores cancellation (67.134375ms)
✔ Supabase documented NoSuchKey HTTP 400 confirms absence without treating arbitrary 400 as missing (20.898042ms)
✔ malformed, contradictory and non-object-missing HTTP 400 errors retain pending cleanup (57.861458ms)
✔ cleanup starts only visited jobs so an unstarted third job leads the next retry after budget exhaustion (28.226125ms)
✔ failed or stalled attempt persistence cannot begin private-object deletion (34.633709ms)
✔ actual private bytes and ranges use safe headers, never an upstream public cache policy (44.908292ms)
✔ revoked permission, guessed IDs and malformed ranges cannot cause an object read (6.31425ms)
✔ a public bucket and active HTML/SVG cannot bypass private delivery rules (10.493583ms)
✔ storage adapter rejects arbitrary paths, insecure remote origins and overwrites (6.2955ms)
✔ file backup restores actual bytes and rejects corruption before any upload (15.396209ms)
✔ healthy response streams can continue after the response-header timeout (256.954709ms)
✔ caller cancellation still aborts a streaming file response (6.271458ms)
✔ a streaming upload may outlast the response-header timeout (254.696208ms)
✔ explicit provisioning creates only a private bucket and never silently fixes a public bucket (14.055917ms)
✔ takedown or identity change while storage responds prevents releasing full or ranged private bytes (28.091375ms)
✔ upload metadata respects a sliced byte view without touching surrounding bytes (1.12925ms)
✔ upload integrity validates all streamed readback chunks and rejects incomplete or altered content (19.798125ms)
✔ bounded read stops and cancels a stream exceeding its limit (0.199166ms)
✔ new documents are private drafts and record the creator (0.717667ms)
✔ creation denies support with verified=true (0.156042ms)
✔ creation denies ops with verified=true (0.035458ms)
✔ creation denies admin with verified=false (0.035417ms)
✔ creation denies unknown with verified=true (0.071917ms)
✔ creation denies unknown with verified=false (0.028458ms)
✔ empty content identifiers and invalid visibility are rejected (0.071542ms)
✔ submitting binds a concrete revision and another verified Admin (0.19825ms)
✔ submission cannot choose self, an employee, an unverified account or no reviewer (0.12375ms)
✔ submitting on behalf of an author cannot select that author as reviewer (0.093875ms)
✔ only the assigned current Admin can approve or reject (0.5175ms)
✔ rejection requires a reason and resubmission requires a fresh approval (0.181292ms)
✔ reviewed content is frozen until withdrawn (0.362417ms)
✔ reassigning removes the old reviewer authority and records both reviewers (0.128083ms)
✔ the last editor cannot be chosen for secondary review (0.084292ms)
✔ reassignment rejects distinct authors, editors, submitters and ineligible accounts (0.427417ms)
✔ publishing requires approval then explicit publication queue (0.285208ms)
✔ new drafts leave the current formal version readable until replacement publishes (0.136416ms)
✔ editing an approved or queued version invalidates approval and preserves that snapshot (0.11925ms)
✔ a visibility change only affects readers when its reviewed revision is published (0.102ms)
✔ stale or repeated commands cannot change the document or add history (0.091792ms)
✔ employees cannot bypass the workflow through any command (0.177583ms)
✔ archived or deleted content cannot be edited or republished through regular commands (0.126625ms)
✔ every successful transition keeps an immutable audit trail bound to its version (0.095ms)
✔ unknown commands and inconsistent approval records fail closed (0.071166ms)
✔ workspace query rejects ambiguous filters and treats title as literal text (0.909709ms)
✔ workspace publication text distinguishes current workflow from published reader copy (0.064125ms)
✔ workspace responses hide service errors and never share private results (13.207875ms)
ℹ tests 326
ℹ suites 0
ℹ pass 326
ℹ fail 0
ℹ cancelled 0
ℹ skipped 0
ℹ todo 0
ℹ duration_ms 1533.615417
